Archive member included because of file (symbol)

Libraries\libmax32600.a(startup_max32600.o)
                              (Reset_Handler)
Libraries\libmax32600.a(system_max32600.o)
                              Libraries\libmax32600.a(startup_max32600.o) (DebugMon_Handler)
Libraries\libmax32600.a(adc.o)
                              ./Build/MAXREFDES73.o (ADC_CaptureConfig)
Libraries\libmax32600.a(afe.o)
                              ./Build/MAXREFDES73.o (AFE_OpAmpSetup)
Libraries\libmax32600.a(clkman.o)
                              ./Build/MAXREFDES73.o (CLKMAN_TrimRO_Start)
Libraries\libmax32600.a(dac.o)
                              ./Build/MAXREFDES73.o (DAC_Enable)
Libraries\libmax32600.a(gpio.o)
                              ./Build/MAXREFDES73.o (GPIO_SetOutMode)
Libraries\libmax32600.a(icc.o)
                              ./Build/MAXREFDES73.o (ICC_Enable)
Libraries\libmax32600.a(nvic_table.o)
                              Libraries\libmax32600.a(gpio.o) (NVIC_SetVector)
Libraries\libmax32600.a(pmu.o)
                              Libraries\libmax32600.a(adc.o) (PMU_GetChannel)
Libraries\libmax32600.a(power.o)
                              ./Build/MAXREFDES73.o (PWR_ClearFlags)
Libraries\libmax32600.a(rtc.o)
                              ./Build/fit_main.o (RTC_GetVal)
Libraries\libmax32600.a(spi.o)
                              ./Build/MAXREFDES73.o (SPI_Config)
Libraries\libmax32600.a(systick.o)
                              ./Build/hrps_main.o (SysTick_Wait)
Libraries\libmax32600.a(tmon.o)
                              ./Build/MAXREFDES73.o (TMON_SetCurrent)
Libraries\libmax32600.a(tmr.o)
                              ./Build/MAXREFDES73.o (TMR32_PeriodToTicks)
c:/101_refdes/014_refdes73/toolchain/toolchain/bin/../lib/gcc/arm-none-eabi/4.7.4/../../../../arm-none-eabi/lib/armv7-m\libc.a(lib_a-memcmp.o)
                              ./Build/app_db.o (memcmp)
c:/101_refdes/014_refdes73/toolchain/toolchain/bin/../lib/gcc/arm-none-eabi/4.7.4/../../../../arm-none-eabi/lib/armv7-m\libc.a(lib_a-memcpy.o)
                              ./Build/app_disc.o (memcpy)
c:/101_refdes/014_refdes73/toolchain/toolchain/bin/../lib/gcc/arm-none-eabi/4.7.4/../../../../arm-none-eabi/lib/armv7-m\libc.a(lib_a-memset.o)
                              ./Build/app_disc.o (memset)
c:/101_refdes/014_refdes73/toolchain/toolchain/bin/../lib/gcc/arm-none-eabi/4.7.4/../../../../arm-none-eabi/lib/armv7-m\libc.a(lib_a-puts.o)
                              ./Build/wsf_trace.o (puts)
c:/101_refdes/014_refdes73/toolchain/toolchain/bin/../lib/gcc/arm-none-eabi/4.7.4/../../../../arm-none-eabi/lib/armv7-m\libc.a(lib_a-strlen.o)
                              c:/101_refdes/014_refdes73/toolchain/toolchain/bin/../lib/gcc/arm-none-eabi/4.7.4/../../../../arm-none-eabi/lib/armv7-m\libc.a(lib_a-puts.o) (strlen)
c:/101_refdes/014_refdes73/toolchain/toolchain/bin/../lib/gcc/arm-none-eabi/4.7.4/../../../../arm-none-eabi/lib/armv7-m\libc.a(lib_a-vprintf.o)
                              ./Build/wsf_trace.o (vprintf)
c:/101_refdes/014_refdes73/toolchain/toolchain/bin/../lib/gcc/arm-none-eabi/4.7.4/../../../../arm-none-eabi/lib/armv7-m\libc.a(lib_a-fvwrite.o)
                              c:/101_refdes/014_refdes73/toolchain/toolchain/bin/../lib/gcc/arm-none-eabi/4.7.4/../../../../arm-none-eabi/lib/armv7-m\libc.a(lib_a-puts.o) (__sfvwrite_r)
c:/101_refdes/014_refdes73/toolchain/toolchain/bin/../lib/gcc/arm-none-eabi/4.7.4/../../../../arm-none-eabi/lib/armv7-m\libc.a(lib_a-impure.o)
                              c:/101_refdes/014_refdes73/toolchain/toolchain/bin/../lib/gcc/arm-none-eabi/4.7.4/../../../../arm-none-eabi/lib/armv7-m\libc.a(lib_a-puts.o) (_impure_ptr)
c:/101_refdes/014_refdes73/toolchain/toolchain/bin/../lib/gcc/arm-none-eabi/4.7.4/../../../../arm-none-eabi/lib/armv7-m\libc.a(lib_a-mallocr.o)
                              c:/101_refdes/014_refdes73/toolchain/toolchain/bin/../lib/gcc/arm-none-eabi/4.7.4/../../../../arm-none-eabi/lib/armv7-m\libc.a(lib_a-fvwrite.o) (_malloc_r)
c:/101_refdes/014_refdes73/toolchain/toolchain/bin/../lib/gcc/arm-none-eabi/4.7.4/../../../../arm-none-eabi/lib/armv7-m\libc.a(lib_a-memchr.o)
                              c:/101_refdes/014_refdes73/toolchain/toolchain/bin/../lib/gcc/arm-none-eabi/4.7.4/../../../../arm-none-eabi/lib/armv7-m\libc.a(lib_a-fvwrite.o) (memchr)
c:/101_refdes/014_refdes73/toolchain/toolchain/bin/../lib/gcc/arm-none-eabi/4.7.4/../../../../arm-none-eabi/lib/armv7-m\libc.a(lib_a-memmove.o)
                              c:/101_refdes/014_refdes73/toolchain/toolchain/bin/../lib/gcc/arm-none-eabi/4.7.4/../../../../arm-none-eabi/lib/armv7-m\libc.a(lib_a-fvwrite.o) (memmove)
c:/101_refdes/014_refdes73/toolchain/toolchain/bin/../lib/gcc/arm-none-eabi/4.7.4/../../../../arm-none-eabi/lib/armv7-m\libc.a(lib_a-mlock.o)
[...]
Memory Configuration

Name             Origin             Length             Attributes
FLASH            0x00000000         0x00040000         xr
SRAM             0x20000000         0x00008000         xrw
*default*        0x00000000         0xffffffff

Linker script and memory map

START GROUP
LOAD Libraries\libmax32600.a
LOAD c:/101_refdes/014_refdes73/toolchain/toolchain/bin/../lib/gcc/arm-none-eabi/4.7.4/../../../../arm-none-eabi/lib/armv7-m\libc.a
LOAD ./BLE_Wicentric\libstacklib.a
LOAD c:/101_refdes/014_refdes73/toolchain/toolchain/bin/../lib/gcc/arm-none-eabi/4.7.4/../../../../arm-none-eabi/lib/armv7-m\libm.a
END GROUP
LOAD ./Build/app_disc.o
LOAD ./Build/app_main.o
LOAD ./Build/app_server.o
LOAD ./Build/app_slave.o
LOAD ./Build/app_db.o
LOAD ./Build/app_hw.o
LOAD ./Build/app_ui.o
LOAD ./Build/hci_cmd.o
LOAD ./Build/hci_core.o
LOAD ./Build/hci_evt.o
LOAD ./Build/hci_tr.o
LOAD ./Build/hci_vs.o
LOAD ./Build/hci_drv.o
LOAD ./Build/bas_main.o
LOAD ./Build/hrps_main.o
LOAD ./Build/svc_batt.o
LOAD ./Build/svc_bps.o
LOAD ./Build/svc_core.o
LOAD ./Build/svc_dis.o
LOAD ./Build/svc_gls.o
LOAD ./Build/svc_hrs.o
LOAD ./Build/svc_hts.o
LOAD ./Build/svc_px.o
LOAD ./Build/svc_wp.o
LOAD ./Build/svc_wss.o
LOAD ./Build/svc_hid.o
LOAD ./Build/cfg_stack.o
LOAD ./Build/hci_main.o
LOAD ./Build/wsf_buf.o
LOAD ./Build/wsf_msg.o
LOAD ./Build/wsf_queue.o
LOAD ./Build/wsf_sec.o
LOAD ./Build/wsf_timer.o
LOAD ./Build/wsf_assert.o
LOAD ./Build/wsf_os.o
LOAD ./Build/wsf_trace.o
LOAD ./Build/MAXREFDES73.o
LOAD ./Build/fit_main.o
START GROUP
LOAD Libraries\libmax32600.a
LOAD c:/101_refdes/014_refdes73/toolchain/toolchain/bin/../lib/gcc/arm-none-eabi/4.7.4/../../../../arm-none-eabi/lib/armv7-m\libc.a
LOAD ./BLE_Wicentric\libstacklib.a
LOAD c:/101_refdes/014_refdes73/toolchain/toolchain/bin/../lib/gcc/arm-none-eabi/4.7.4/../../../../arm-none-eabi/lib/armv7-m\libm.a
END GROUP
START GROUP
LOAD c:/101_refdes/014_refdes73/toolchain/toolchain/bin/../lib/gcc/arm-none-eabi/4.7.4/armv7-m\libgcc.a
LOAD c:/101_refdes/014_refdes73/toolchain/toolchain/bin/../lib/gcc/arm-none-eabi/4.7.4/../../../../arm-none-eabi/lib/armv7-m\libg.a
LOAD c:/101_refdes/014_refdes73/toolchain/toolchain/bin/../lib/gcc/arm-none-eabi/4.7.4/../../../../arm-none-eabi/lib/armv7-m\libc.a
END GROUP

.text           0x00000000    0x14a48
                0x00000000                _text = .
 *(.isr_vector)
 .isr_vector    0x00000000       0xfc Libraries\libmax32600.a(startup_max32600.o)
                0x00000000                __isr_vector
 *(.text*)
 .text          0x000000fc       0xa4 Libraries\libmax32600.a(startup_max32600.o)
                0x000000fc                Reset_Handler
                0x0000012e                UART0_IRQHandler
                0x00000130                UART1_IRQHandler
                0x00000132                I2CM0_IRQHandler
                0x00000134                I2CS_IRQHandler
                0x00000136                USB_IRQHandler
                0x0000013c                MAA_IRQHandler
                0x0000013e                AES_IRQHandler
                0x00000146                TMR0_IRQHandler
                0x00000148                TMR1_IRQHandler
                0x0000014a                TMR2_IRQHandler
                0x0000014c                TMR3_IRQHandler
                0x0000014e                RSVD0_IRQHandler
                0x00000150                RSVD1_IRQHandler
                0x00000152                DAC0_IRQHandler
                0x00000154                DAC1_IRQHandler
                0x00000156                DAC2_IRQHandler
                0x00000158                DAC3_IRQHandler
                0x0000015a                ADC_IRQHandler
                0x0000015c                FLC_IRQHandler
                0x0000015e                PWRMAN_IRQHandler
                0x00000160                CLKMAN_IRQHandler
                0x0000016a                WDT0_IRQHandler
                0x0000016c                WDT0_P_IRQHandler
                0x0000016e                WDT1_IRQHandler
                0x00000170                WDT1_P_IRQHandler
                0x00000172                GPIO_P0_IRQHandler
                0x00000174                GPIO_P1_IRQHandler
                0x00000176                GPIO_P2_IRQHandler
                0x00000178                GPIO_P3_IRQHandler
                0x0000017a                GPIO_P4_IRQHandler
                0x0000017c                GPIO_P5_IRQHandler
                0x0000017e                GPIO_P6_IRQHandler
                0x00000180                GPIO_P7_IRQHandler
                0x00000182                TMR16_0_IRQHandler
                0x00000184                TMR16_1_IRQHandler
                0x00000186                TMR16_2_IRQHandler
                0x00000188                TMR16_3_IRQHandler
                0x0000018a                I2CM1_IRQHandler
 .text.DebugMon_Handler
                0x000001a0        0xc Libraries\libmax32600.a(system_max32600.o)
                0x000001a0                DebugMon_Handler
 .text.NMI_Handler
                0x000001ac        0x8 Libraries\libmax32600.a(system_max32600.o)
                0x000001ac                NMI_Handler
 .text.FaultISR_C
                0x000001b4        0xc Libraries\libmax32600.a(system_max32600.o)
                0x000001b4                FaultISR_C
 .text.HardFault_Handler
                0x000001c0       0x1c Libraries\libmax32600.a(system_max32600.o)
                0x000001c0                HardFault_Handler
 .text.DefaultIRQ_Handler
                0x000001dc        0x8 Libraries\libmax32600.a(system_max32600.o)
                0x000001dc                DefaultIRQ_Handler
 .text.SystemCoreClockUpdate
                0x000001e4      0x1a8 Libraries\libmax32600.a(system_max32600.o)
                0x000001e4                SystemCoreClockUpdate
 .text.set_trim_regs
                0x0000038c       0x80 Libraries\libmax32600.a(system_max32600.o)
 .text.set_pwr_regs
                0x0000040c       0xf0 Libraries\libmax32600.a(system_max32600.o)
 .text.SystemInit
                0x000004fc       0x50 Libraries\libmax32600.a(system_max32600.o)
                0x000004fc                SystemInit
 .text.appProcMsg
                0x0000054c       0x30 ./Build/app_main.o
 .text.appCheckBonded
                0x0000057c       0x34 ./Build/app_main.o
                0x0000057c                appCheckBonded
 .text.appCheckBondByLtk
                0x000005b0       0x34 ./Build/app_main.o
                0x000005b0                appCheckBondByLtk
 .text.AppHandlerInit
                0x000005e4       0x24 ./Build/app_main.o
                0x000005e4                AppHandlerInit
 .text.AppHandler
                0x00000608       0x60 ./Build/app_main.o
                0x00000608                AppHandler
 .text.AppHandlePasskey
                0x00000668       0x8c ./Build/app_main.o
                0x00000668                AppHandlePasskey
 .text.AppConnClose
                0x000006f4       0x24 ./Build/app_main.o
                0x000006f4                AppConnClose
 .text.AppConnIsOpen
                0x00000718       0x4c ./Build/app_main.o
                0x00000718                AppConnIsOpen
 .text.AppDbGetHdl
                0x00000764       0x34 ./Build/app_main.o
                0x00000764                AppDbGetHdl
 .text.AppServerConnCback
                0x00000798       0xd4 ./Build/app_server.o
                0x00000798                AppServerConnCback
 .text.appSetAdvScanData
                0x0000086c       0x84 ./Build/app_slave.o
 .text.appSlaveAdvStart
                0x000008f0       0xa8 ./Build/app_slave.o
 .text.appSlaveNextAdvState
                0x00000998       0x44 ./Build/app_slave.o
 .text.appConnUpdateTimerStart
                0x000009dc       0x5c ./Build/app_slave.o
 .text.appConnUpdateTimerStop
                0x00000a38       0x24 ./Build/app_slave.o
 .text.appSlaveConnOpen
                0x00000a5c       0xb8 ./Build/app_slave.o
 .text.appSlaveConnClose
                0x00000b14       0x74 ./Build/app_slave.o
 .text.appSlaveConnUpdate
                0x00000b88       0x58 ./Build/app_slave.o
 .text.appSlaveSecConnOpen
                0x00000be0       0x78 ./Build/app_slave.o
 .text.appSecConnClose
                0x00000c58       0x24 ./Build/app_slave.o
 .text.appSecPairInd
                0x00000c7c      0x12c ./Build/app_slave.o
 .text.appSecStoreKey
                0x00000da8       0x40 ./Build/app_slave.o
 .text.appSecPairCmpl
                0x00000de8       0x6c ./Build/app_slave.o
 .text.appSecPairFailed
                0x00000e54       0x18 ./Build/app_slave.o
 .text.appSecEncryptInd
                0x00000e6c       0x34 ./Build/app_slave.o
 .text.appSecFindLtk
                0x00000ea0       0xa4 ./Build/app_slave.o
 .text.appSlaveConnUpdateTimeout
                0x00000f44       0xc0 ./Build/app_slave.o
 .text.appSlaveProcMsg
                0x00001004       0x44 ./Build/app_slave.o
                0x00001004                appSlaveProcMsg
 .text.AppSlaveInit
                0x00001048       0x2c ./Build/app_slave.o
                0x00001048                AppSlaveInit
 .text.AppSlaveProcDmMsg
                0x00001074       0x98 ./Build/app_slave.o
                0x00001074                AppSlaveProcDmMsg
 .text.AppSlaveSecProcDmMsg
                0x0000110c       0xc4 ./Build/app_slave.o
                0x0000110c                AppSlaveSecProcDmMsg
 .text.AppAdvSetData
                0x000011d0       0x90 ./Build/app_slave.o
                0x000011d0                AppAdvSetData
 .text.AppAdvStart
                0x00001260       0xa8 ./Build/app_slave.o
                0x00001260                AppAdvStart
 .text.AppSetBondable
                0x00001308       0x24 ./Build/app_slave.o
                0x00001308                AppSetBondable
 .text.AppDbInit
                0x0000132c        0xc ./Build/app_db.o
                0x0000132c                AppDbInit
 .text.AppDbNewRecord
                0x00001338       0xc4 ./Build/app_db.o
                0x00001338                AppDbNewRecord
 .text.AppDbDeleteRecord
                0x000013fc       0x1c ./Build/app_db.o
                0x000013fc                AppDbDeleteRecord
 .text.AppDbValidateRecord
                0x00001418       0x24 ./Build/app_db.o
                0x00001418                AppDbValidateRecord
 .text.AppDbCheckValidRecord
                0x0000143c       0x20 ./Build/app_db.o
                0x0000143c                AppDbCheckValidRecord
 .text.AppDbCheckBonded
                0x0000145c       0x4c ./Build/app_db.o
                0x0000145c                AppDbCheckBonded
 .text.AppDbDeleteAllRecords
                0x000014a8       0x40 ./Build/app_db.o
                0x000014a8                AppDbDeleteAllRecords
 .text.AppDbFindByAddr
                0x000014e8       0x68 ./Build/app_db.o
                0x000014e8                AppDbFindByAddr
 .text.AppDbFindByLtkReq
                0x00001550       0x70 ./Build/app_db.o
                0x00001550                AppDbFindByLtkReq
 .text.AppDbGetKey
                0x000015c0       0x8c ./Build/app_db.o
                0x000015c0                AppDbGetKey
 .text.AppDbSetKey
                0x0000164c       0xb0 ./Build/app_db.o
                0x0000164c                AppDbSetKey
 .text.AppDbGetCccTbl
                0x000016fc       0x1c ./Build/app_db.o
                0x000016fc                AppDbGetCccTbl
 .text.AppDbSetCccTblValue
                0x00001718       0x2c ./Build/app_db.o
                0x00001718                AppDbSetCccTblValue
 .text.AppHwBattRead
                0x00001744       0x20 ./Build/app_hw.o
                0x00001744                AppHwBattRead
 .text.AppHwHrmTest
                0x00001764       0x20 ./Build/app_hw.o
                0x00001764                AppHwHrmTest
 .text.AppUiAction
                0x00001784       0x6c ./Build/app_ui.o
                0x00001784                AppUiAction
 .text.AppUiDisplayPasskey
                0x000017f0       0x14 ./Build/app_ui.o
                0x000017f0                AppUiDisplayPasskey
 .text.appUiTimerExpired
                0x00001804       0x14 ./Build/app_ui.o
                0x00001804                appUiTimerExpired
 .text.appUiBtnPoll
                0x00001818        0xc ./Build/app_ui.o
                0x00001818                appUiBtnPoll
 .text.AppUiBtnRegister
                0x00001824       0x20 ./Build/app_ui.o
                0x00001824                AppUiBtnRegister
 .text.AppUiBtnPressed
                0x00001844        0xc ./Build/app_ui.o
                0x00001844                AppUiBtnPressed
 .text.hciCmdAlloc
                0x00001850       0x70 ./Build/hci_cmd.o
                0x00001850                hciCmdAlloc
 .text.hciCmdSend
                0x000018c0       0x9c ./Build/hci_cmd.o
                0x000018c0                hciCmdSend
 .text.hciCmdInit
                0x0000195c       0x58 ./Build/hci_cmd.o
                0x0000195c                hciCmdInit
 .text.hciCmdTimeout
                0x000019b4       0x14 ./Build/hci_cmd.o
                0x000019b4                hciCmdTimeout
 .text.hciCmdRecvCmpl
                0x000019c8       0x34 ./Build/hci_cmd.o
                0x000019c8                hciCmdRecvCmpl
 .text.HciDisconnectCmd
                0x000019fc       0x6c ./Build/hci_cmd.o
                0x000019fc                HciDisconnectCmd
 .text.HciLeAddDevWhiteListCmd
                0x00001a68       0x54 ./Build/hci_cmd.o
                0x00001a68                HciLeAddDevWhiteListCmd
 .text.HciLeClearWhiteListCmd
                0x00001abc       0x28 ./Build/hci_cmd.o
                0x00001abc                HciLeClearWhiteListCmd
 .text.HciLeEncryptCmd
                0x00001ae4       0x54 ./Build/hci_cmd.o
                0x00001ae4                HciLeEncryptCmd
 .text.HciLeLtkReqNegReplCmd
                0x00001b38       0x5c ./Build/hci_cmd.o
                0x00001b38                HciLeLtkReqNegReplCmd
 .text.HciLeLtkReqReplCmd
                0x00001b94       0x68 ./Build/hci_cmd.o
                0x00001b94                HciLeLtkReqReplCmd
 .text.HciLeRandCmd
                0x00001bfc       0x28 ./Build/hci_cmd.o
                0x00001bfc                HciLeRandCmd
 .text.HciLeReadBufSizeCmd
                0x00001c24       0x28 ./Build/hci_cmd.o
                0x00001c24                HciLeReadBufSizeCmd
 .text.HciLeReadSupStatesCmd
                0x00001c4c       0x28 ./Build/hci_cmd.o
                0x00001c4c                HciLeReadSupStatesCmd
 .text.HciLeReadWhiteListSizeCmd
                0x00001c74       0x28 ./Build/hci_cmd.o
                0x00001c74                HciLeReadWhiteListSizeCmd
 .text.HciLeRemoveDevWhiteListCmd
                0x00001c9c       0x54 ./Build/hci_cmd.o
                0x00001c9c                HciLeRemoveDevWhiteListCmd
 .text.HciLeSetAdvEnableCmd
                0x00001cf0       0x44 ./Build/hci_cmd.o
                0x00001cf0                HciLeSetAdvEnableCmd
 .text.HciLeSetAdvDataCmd
                0x00001d34       0x6c ./Build/hci_cmd.o
                0x00001d34                HciLeSetAdvDataCmd
 .text.HciLeSetAdvParamCmd
                0x00001da0       0xf0 ./Build/hci_cmd.o
                0x00001da0                HciLeSetAdvParamCmd
 .text.HciLeSetEventMaskCmd
                0x00001e90       0x40 ./Build/hci_cmd.o
                0x00001e90                HciLeSetEventMaskCmd
 .text.HciLeSetRandAddrCmd
                0x00001ed0       0x44 ./Build/hci_cmd.o
                0x00001ed0                HciLeSetRandAddrCmd
 .text.HciLeSetScanEnableCmd
                0x00001f14       0x54 ./Build/hci_cmd.o
                0x00001f14                HciLeSetScanEnableCmd
 .text.HciLeSetScanParamCmd
                0x00001f68       0xb0 ./Build/hci_cmd.o
                0x00001f68                HciLeSetScanParamCmd
 .text.HciLeSetScanRespDataCmd
                0x00002018       0x6c ./Build/hci_cmd.o
                0x00002018                HciLeSetScanRespDataCmd
 .text.HciLeStartEncryptionCmd
                0x00002084       0xa8 ./Build/hci_cmd.o
                0x00002084                HciLeStartEncryptionCmd
 .text.HciReadBdAddrCmd
                0x0000212c       0x28 ./Build/hci_cmd.o
                0x0000212c                HciReadBdAddrCmd
 .text.HciResetCmd
                0x00002154       0x38 ./Build/hci_cmd.o
                0x00002154                HciResetCmd
 .text.hciCoreInit
                0x0000218c       0x64 ./Build/hci_core.o
                0x0000218c                hciCoreInit
 .text.hciCoreConnAlloc
                0x000021f0       0x68 ./Build/hci_core.o
 .text.hciCoreConnFree
                0x00002258       0x58 ./Build/hci_core.o
 .text.hciCoreConnByHandle
                0x000022b0       0x50 ./Build/hci_core.o
 .text.hciCoreConnOpen
                0x00002300       0x40 ./Build/hci_core.o
                0x00002300                hciCoreConnOpen
 .text.hciCoreConnClose
                0x00002340       0x40 ./Build/hci_core.o
                0x00002340                hciCoreConnClose
 .text.hciCoreSendAclData
                0x00002380       0x54 ./Build/hci_core.o
                0x00002380                hciCoreSendAclData
 .text.hciCoreTxReady
                0x000023d4       0xd0 ./Build/hci_core.o
                0x000023d4                hciCoreTxReady
 .text.hciCoreNumCmplPkts
                0x000024a4       0xec ./Build/hci_core.o
                0x000024a4                hciCoreNumCmplPkts
 .text.hciCoreRecv
                0x00002590       0x3c ./Build/hci_core.o
                0x00002590                hciCoreRecv
 .text.HciResetSequence
                0x000025cc       0x18 ./Build/hci_core.o
                0x000025cc                HciResetSequence
 .text.HciGetBdAddr
                0x000025e4       0x14 ./Build/hci_core.o
                0x000025e4                HciGetBdAddr
 .text.HciSendAclData
                0x000025f8       0xb0 ./Build/hci_core.o
                0x000025f8                HciSendAclData
 .text.hciEvtParseLeConnCmpl
                0x000026a8      0x10c ./Build/hci_evt.o
 .text.hciEvtParseDisconnectCmpl
                0x000027b4       0x6c ./Build/hci_evt.o
 .text.hciEvtParseLeConnUpdateCmpl
                0x00002820       0xc8 ./Build/hci_evt.o
 .text.hciEvtParseLeCreateConnCancelCmdCmpl
                0x000028e8       0x30 ./Build/hci_evt.o
 .text.hciEvtParseReadRssiCmdCmpl
                0x00002918       0x5c ./Build/hci_evt.o
 .text.hciEvtParseReadChanMapCmdCmpl
                0x00002974       0x6c ./Build/hci_evt.o
 .text.hciEvtParseReadTxPwrLvlCmdCmpl
                0x000029e0       0x5c ./Build/hci_evt.o
 .text.hciEvtParseReadRemoteVerInfoCmpl
                0x00002a3c       0xb4 ./Build/hci_evt.o
 .text.hciEvtParseReadLeRemoteFeatCmpl
                0x00002af0       0x6c ./Build/hci_evt.o
 .text.hciEvtParseLeLtkReqReplCmdCmpl
                0x00002b5c       0x5c ./Build/hci_evt.o
 .text.hciEvtParseLeLtkReqNegReplCmdCmpl
                0x00002bb8       0x5c ./Build/hci_evt.o
 .text.hciEvtParseEncKeyRefreshCmpl
                0x00002c14       0x5c ./Build/hci_evt.o
 .text.hciEvtParseEncChange
                0x00002c70       0x6c ./Build/hci_evt.o
 .text.hciEvtParseLeLtkReq
                0x00002cdc       0x80 ./Build/hci_evt.o
 .text.hciEvtParseVendorSpecCmdStatus
                0x00002d5c       0x3c ./Build/hci_evt.o
 .text.hciEvtParseVendorSpecCmdCmpl
                0x00002d98       0x64 ./Build/hci_evt.o
 .text.hciEvtParseVendorSpec
                0x00002dfc       0x28 ./Build/hci_evt.o
 .text.hciEvtParseHwError
                0x00002e24       0x28 ./Build/hci_evt.o
 .text.hciEvtParseLeEncryptCmdCmpl
                0x00002e4c       0x40 ./Build/hci_evt.o
 .text.hciEvtParseLeRandCmdCmpl
                0x00002e8c       0x40 ./Build/hci_evt.o
 .text.hciEvtProcessLeAdvReport
                0x00002ecc      0x104 ./Build/hci_evt.o
 .text.hciEvtCmdStatusFailure
                0x00002fd0       0x18 ./Build/hci_evt.o
                0x00002fd0                hciEvtCmdStatusFailure
 .text.hciEvtProcessCmdStatus
                0x00002fe8       0x68 ./Build/hci_evt.o
                0x00002fe8                hciEvtProcessCmdStatus
 .text.hciEvtProcessCmdCmpl
                0x00003050      0x184 ./Build/hci_evt.o
                0x00003050                hciEvtProcessCmdCmpl
 .text.hciEvtProcessMsg
                0x000031d4      0x2c0 ./Build/hci_evt.o
                0x000031d4                hciEvtProcessMsg
 .text.hciTrSendAclData
                0x00003494       0x48 ./Build/hci_tr.o
                0x00003494                hciTrSendAclData
 .text.hciTrSendCmd
                0x000034dc       0x34 ./Build/hci_tr.o
                0x000034dc                hciTrSendCmd
 .text.hciTrSerialRxIncoming
                0x00003510      0x2a0 ./Build/hci_tr.o
                0x00003510                hciTrSerialRxIncoming
 .text.hciCoreResetStart
                0x000037b0        0xc ./Build/hci_vs.o
                0x000037b0                hciCoreResetStart
 .text.hciCoreResetSequence
                0x000037bc      0x1c4 ./Build/hci_vs.o
                0x000037bc                hciCoreResetSequence
 .text.hciCoreVsCmdCmplRcvd
                0x00003980       0x20 ./Build/hci_vs.o
                0x00003980                hciCoreVsCmdCmplRcvd
 .text.HciVsInit
                0x000039a0       0x14 ./Build/hci_vs.o
                0x000039a0                HciVsInit
 .text.spi_tx_cb
                0x000039b4      0x150 ./Build/hci_drv.o
 .text.hciDrvWrite
                0x00003b04      0x1e0 ./Build/hci_drv.o
                0x00003b04                hciDrvWrite
 .text.spi_rx_cb
                0x00003ce4      0x1c4 ./Build/hci_drv.o
 .text.hciDrvRead
                0x00003ea8       0x6c ./Build/hci_drv.o
                0x00003ea8                hciDrvRead
 .text.BasInit  0x00003f14       0x38 ./Build/bas_main.o
                0x00003f14                BasInit
 .text.BasMeasBattStart
                0x00003f4c       0x7c ./Build/bas_main.o
                0x00003f4c                BasMeasBattStart
 .text.BasMeasBattStop
                0x00003fc8       0x14 ./Build/bas_main.o
                0x00003fc8                BasMeasBattStop
 .text.BasProcMsg
                0x00003fdc       0x84 ./Build/bas_main.o
                0x00003fdc                BasProcMsg
 .text.BasSendBattLevel
                0x00004060       0x4c ./Build/bas_main.o
                0x00004060                BasSendBattLevel
 .text.BasReadCback
                0x000040ac       0x28 ./Build/bas_main.o
                0x000040ac                BasReadCback
 .text.HrpsInit
                0x000040d4       0x30 ./Build/hrps_main.o
                0x000040d4                HrpsInit
 .text.HrpsMeasStart
                0x00004104       0x58 ./Build/hrps_main.o
                0x00004104                HrpsMeasStart
 .text.HrpsMeasStop
                0x0000415c       0x14 ./Build/hrps_main.o
                0x0000415c                HrpsMeasStop
 .text.HrpsProcMsg
                0x00004170       0xf0 ./Build/hrps_main.o
                0x00004170                HrpsProcMsg
 .text.HrpsWriteCback
                0x00004260       0x48 ./Build/hrps_main.o
                0x00004260                HrpsWriteCback
 .text.HrpsSetFlags
                0x000042a8       0x20 ./Build/hrps_main.o
                0x000042a8                HrpsSetFlags
 .text.SvcBattAddGroup
                0x000042c8       0x14 ./Build/svc_batt.o
                0x000042c8                SvcBattAddGroup
 .text.SvcBattCbackRegister
                0x000042dc       0x2c ./Build/svc_batt.o
                0x000042dc                SvcBattCbackRegister
 .text.SvcCoreAddGroup
                0x00004308       0x20 ./Build/svc_core.o
                0x00004308                SvcCoreAddGroup
 .text.SvcDisAddGroup
                0x00004328       0x14 ./Build/svc_dis.o
                0x00004328                SvcDisAddGroup
 .text.SvcHrsAddGroup
                0x0000433c       0x14 ./Build/svc_hrs.o
                0x0000433c                SvcHrsAddGroup
 .text.SvcHrsCbackRegister
                0x00004350       0x2c ./Build/svc_hrs.o
                0x00004350                SvcHrsCbackRegister
 .text.HciEvtRegister
                0x0000437c       0x20 ./Build/hci_main.o
                0x0000437c                HciEvtRegister
 .text.HciSecRegister
                0x0000439c       0x20 ./Build/hci_main.o
                0x0000439c                HciSecRegister
 .text.HciAclRegister
                0x000043bc       0x2c ./Build/hci_main.o
                0x000043bc                HciAclRegister
 .text.HciHandlerInit
                0x000043e8       0x40 ./Build/hci_main.o
                0x000043e8                HciHandlerInit
 .text.HciHandler
                0x00004428       0x88 ./Build/hci_main.o
                0x00004428                HciHandler
 .text.WsfBufInit
                0x000044b0      0x164 ./Build/wsf_buf.o
                0x000044b0                WsfBufInit
 .text.WsfBufAlloc
                0x00004614       0x80 ./Build/wsf_buf.o
                0x00004614                WsfBufAlloc
 .text.WsfBufFree
                0x00004694       0x88 ./Build/wsf_buf.o
                0x00004694                WsfBufFree
 .text.WsfMsgAlloc
                0x0000471c       0x34 ./Build/wsf_msg.o
                0x0000471c                WsfMsgAlloc
 .text.WsfMsgFree
                0x00004750       0x1c ./Build/wsf_msg.o
                0x00004750                WsfMsgFree
 .text.WsfMsgSend
                0x0000476c       0x38 ./Build/wsf_msg.o
                0x0000476c                WsfMsgSend
 .text.WsfMsgEnq
                0x000047a4       0x2c ./Build/wsf_msg.o
                0x000047a4                WsfMsgEnq
 .text.WsfMsgDeq
                0x000047d0       0x34 ./Build/wsf_msg.o
                0x000047d0                WsfMsgDeq
 .text.WsfQueueEnq
                0x00004804       0x48 ./Build/wsf_queue.o
                0x00004804                WsfQueueEnq
 .text.WsfQueueDeq
                0x0000484c       0x40 ./Build/wsf_queue.o
                0x0000484c                WsfQueueDeq
 .text.WsfQueuePush
                0x0000488c       0x38 ./Build/wsf_queue.o
                0x0000488c                WsfQueuePush
 .text.WsfQueueInsert
                0x000048c4       0x58 ./Build/wsf_queue.o
                0x000048c4                WsfQueueInsert
 .text.WsfQueueRemove
                0x0000491c       0x48 ./Build/wsf_queue.o
                0x0000491c                WsfQueueRemove
 .text.WsfQueueCount
                0x00004964       0x40 ./Build/wsf_queue.o
                0x00004964                WsfQueueCount
 .text.WsfQueueEmpty
                0x000049a4       0x2c ./Build/wsf_queue.o
                0x000049a4                WsfQueueEmpty
 .text.wsfSecHciCback
                0x000049d0       0x90 ./Build/wsf_sec.o
 .text.WsfSecInit
                0x00004a60       0x3c ./Build/wsf_sec.o
                0x00004a60                WsfSecInit
 .text.WsfSecAes
                0x00004a9c       0x74 ./Build/wsf_sec.o
                0x00004a9c                WsfSecAes
 .text.WsfSecRand
                0x00004b10       0x34 ./Build/wsf_sec.o
                0x00004b10                WsfSecRand
 .text.wsfTimerRemove
                0x00004b44       0x60 ./Build/wsf_timer.o
 .text.wsfTimerInsert
                0x00004ba4       0x7c ./Build/wsf_timer.o
 .text.WsfTimerInit
                0x00004c20       0x3c ./Build/wsf_timer.o
                0x00004c20                WsfTimerInit
 .text.WsfTimerStartSec
                0x00004c5c       0x38 ./Build/wsf_timer.o
                0x00004c5c                WsfTimerStartSec
 .text.WsfTimerStartMs
                0x00004c94       0x30 ./Build/wsf_timer.o
                0x00004c94                WsfTimerStartMs
 .text.WsfTimerStop
                0x00004cc4       0x20 ./Build/wsf_timer.o
                0x00004cc4                WsfTimerStop
 .text.WsfTimerUpdate
                0x00004ce4       0x64 ./Build/wsf_timer.o
                0x00004ce4                WsfTimerUpdate
 .text.WsfTimerServiceExpired
                0x00004d48       0x64 ./Build/wsf_timer.o
                0x00004d48                WsfTimerServiceExpired
 .text.WsfCsEnter
                0x00004dac       0x34 ./Build/wsf_os.o
                0x00004dac                WsfCsEnter
 .text.WsfCsExit
                0x00004de0       0x34 ./Build/wsf_os.o
                0x00004de0                WsfCsExit
 .text.WsfTaskLock
                0x00004e14        0xc ./Build/wsf_os.o
                0x00004e14                WsfTaskLock
 .text.WsfTaskUnlock
                0x00004e20        0xc ./Build/wsf_os.o
                0x00004e20                WsfTaskUnlock
 .text.WsfSetEvent
                0x00004e2c       0x58 ./Build/wsf_os.o
                0x00004e2c                WsfSetEvent
 .text.WsfTaskSetReady
                0x00004e84       0x3c ./Build/wsf_os.o
                0x00004e84                WsfTaskSetReady
 .text.WsfTaskMsgQueue
                0x00004ec0       0x1c ./Build/wsf_os.o
                0x00004ec0                WsfTaskMsgQueue
 .text.WsfOsSetNextHandler
                0x00004edc       0x48 ./Build/wsf_os.o
                0x00004edc                WsfOsSetNextHandler
 .text.wsfOsDispatcher
                0x00004f24      0x124 ./Build/wsf_os.o
                0x00004f24                wsfOsDispatcher
 .text.NVIC_SetPriority
                0x00005048       0x5c ./Build/MAXREFDES73.o
 .text.bleStackInit
                0x000050a4      0x10c ./Build/MAXREFDES73.o
 .text.em9301_hw_reset
                0x000051b0       0x38 ./Build/MAXREFDES73.o
 .text.spi_read_irq
                0x000051e8       0x8c ./Build/MAXREFDES73.o
 *fill*         0x00005274        0x4 00
 .text.data_avg
                0x00005278      0x428 ./Build/MAXREFDES73.o
 .text.print_results
                0x000056a0      0x130 ./Build/MAXREFDES73.o
 .text.capt_results
                0x000057d0       0x24 ./Build/MAXREFDES73.o
 .text.PwrSeq_Setup
                0x000057f4       0x90 ./Build/MAXREFDES73.o
 .text.ClkMan_Setup
                0x00005884      0x204 ./Build/MAXREFDES73.o
 .text.Voltage_Ref
                0x00005a88       0x24 ./Build/MAXREFDES73.o
 .text.AFE_VRefDisable
                0x00005aac       0x50 ./Build/MAXREFDES73.o
 .text.AFE_Disable
                0x00005afc       0xa8 ./Build/MAXREFDES73.o
 .text.Switch_Setup
                0x00005ba4       0x7c ./Build/MAXREFDES73.o
 .text.AFE_Init
                0x00005c20       0xec ./Build/MAXREFDES73.o
 *fill*         0x00005d0c        0x4 00
 .text.ADC_Init
                0x00005d10       0xd8 ./Build/MAXREFDES73.o
 .text.ADC_Capt
                0x00005de8      0x118 ./Build/MAXREFDES73.o
 .text.ADC_Measure
                0x00005f00       0x80 ./Build/MAXREFDES73.o
 .text.tmr32_led
                0x00005f80      0xa88 ./Build/MAXREFDES73.o
 .text.main     0x00006a08      0x444 ./Build/MAXREFDES73.o
                0x00006a08                main
 .text.fitDmCback
                0x00006e4c       0x40 ./Build/fit_main.o
 .text.fitAttCback
                0x00006e8c       0x14 ./Build/fit_main.o
 .text.fitCccCback
                0x00006ea0       0x70 ./Build/fit_main.o
 .text.fitProcCccState
                0x00006f10       0x68 ./Build/fit_main.o
 .text.fitClose
                0x00006f78       0x18 ./Build/fit_main.o
 .text.fitSetup
                0x00006f90       0xc0 ./Build/fit_main.o
 .text.fitBtnCback
                0x00007050       0xe8 ./Build/fit_main.o
 .text.fitProcMsg
                0x00007138      0x178 ./Build/fit_main.o
 .text.FitHandlerInit
                0x000072b0       0x80 ./Build/fit_main.o
                0x000072b0                FitHandlerInit
 .text.FitHandler
                0x00007330       0x3c ./Build/fit_main.o
                0x00007330                FitHandler
 .text.FitStart
                0x0000736c       0x94 ./Build/fit_main.o
                0x0000736c                FitStart
 .text.ADC_CaptureConfig
                0x00007400      0x21c Libraries\libmax32600.a(adc.o)
                0x00007400                ADC_CaptureConfig
 .text.ADC_Enable
                0x0000761c      0x100 Libraries\libmax32600.a(adc.o)
                0x0000761c                ADC_Enable
 .text.ADC_Disable
                0x0000771c       0x74 Libraries\libmax32600.a(adc.o)
                0x0000771c                ADC_Disable
 .text.ADC_CaptureStart
                0x00007790      0x18c Libraries\libmax32600.a(adc.o)
                0x00007790                ADC_CaptureStart
 .text.ADC_ManualRead
                0x0000791c       0xb0 Libraries\libmax32600.a(adc.o)
                0x0000791c                ADC_ManualRead
 .text.ADC_SetRate
                0x000079cc       0xa0 Libraries\libmax32600.a(adc.o)
                0x000079cc                ADC_SetRate
 .text.ADC_SetMode
                0x00007a6c       0xb8 Libraries\libmax32600.a(adc.o)
                0x00007a6c                ADC_SetMode
 .text.ADC_SetMuxSel
                0x00007b24       0x60 Libraries\libmax32600.a(adc.o)
                0x00007b24                ADC_SetMuxSel
 .text.ADC_SetPGAMode
                0x00007b84       0x60 Libraries\libmax32600.a(adc.o)
                0x00007b84                ADC_SetPGAMode
 .text.ADC_SetStartMode
                0x00007be4       0x44 Libraries\libmax32600.a(adc.o)
                0x00007be4                ADC_SetStartMode
 .text.AFE_OpAmpSetup
                0x00007c28     0x1008 Libraries\libmax32600.a(afe.o)
                0x00007c28                AFE_OpAmpSetup
 .text.AFE_OpAmpEnable
                0x00008c30      0x1b8 Libraries\libmax32600.a(afe.o)
                0x00008c30                AFE_OpAmpEnable
 .text.AFE_OpAmpDisable
                0x00008de8       0x74 Libraries\libmax32600.a(afe.o)
                0x00008de8                AFE_OpAmpDisable
 .text.AFE_IRQHandler
                0x00008e5c       0x80 Libraries\libmax32600.a(afe.o)
                0x00008e5c                AFE_IRQHandler
 .text.AFE_ADCVRefEnable
                0x00008edc       0x64 Libraries\libmax32600.a(afe.o)
                0x00008edc                AFE_ADCVRefEnable
 .text.AFE_ADCVRefDisable
                0x00008f40       0x68 Libraries\libmax32600.a(afe.o)
                0x00008f40                AFE_ADCVRefDisable
 .text.AFE_DACVRefEnable
                0x00008fa8       0x78 Libraries\libmax32600.a(afe.o)
                0x00008fa8                AFE_DACVRefEnable
 .text.AFE_SetSwitchState
                0x00009020       0x68 Libraries\libmax32600.a(afe.o)
                0x00009020                AFE_SetSwitchState
 .text.hfx_valid
                0x00009088       0x44 Libraries\libmax32600.a(clkman.o)
 .text.CLKMAN_TrimRO_Start
                0x000090cc      0x170 Libraries\libmax32600.a(clkman.o)
                0x000090cc                CLKMAN_TrimRO_Start
 .text.CLKMAN_TrimRO_Stop
                0x0000923c       0xa0 Libraries\libmax32600.a(clkman.o)
                0x0000923c                CLKMAN_TrimRO_Stop
 .text.CLKMAN_SetSystemClock
                0x000092dc       0xac Libraries\libmax32600.a(clkman.o)
                0x000092dc                CLKMAN_SetSystemClock
 .text.CLKMAN_WaitForSystemClockStable
                0x00009388      0x118 Libraries\libmax32600.a(clkman.o)
                0x00009388                CLKMAN_WaitForSystemClockStable
 .text.CLKMAN_SetADCClock
                0x000094a0       0xb4 Libraries\libmax32600.a(clkman.o)
                0x000094a0                CLKMAN_SetADCClock
 .text.CLKMAN_SetClkScale
                0x00009554       0x30 Libraries\libmax32600.a(clkman.o)
                0x00009554                CLKMAN_SetClkScale
 .text.CLKMAN_SetRTOSMode
                0x00009584       0x38 Libraries\libmax32600.a(clkman.o)
                0x00009584                CLKMAN_SetRTOSMode
 .text.DAC_Enable
                0x000095bc       0xb0 Libraries\libmax32600.a(dac.o)
                0x000095bc                DAC_Enable
 .text.DAC_Disable
                0x0000966c       0x94 Libraries\libmax32600.a(dac.o)
                0x0000966c                DAC_Disable
 .text.DAC_SetRate
                0x00009700      0x168 Libraries\libmax32600.a(dac.o)
                0x00009700                DAC_SetRate
 .text.DAC_SetStartMode
                0x00009868       0xc0 Libraries\libmax32600.a(dac.o)
                0x00009868                DAC_SetStartMode
 .text.DAC_PatternConfig
                0x00009928      0x270 Libraries\libmax32600.a(dac.o)
                0x00009928                DAC_PatternConfig
 .text.DAC_PatternStart
                0x00009b98       0xe0 Libraries\libmax32600.a(dac.o)
                0x00009b98                DAC_PatternStart
 .text.DAC_PatternStop
                0x00009c78       0x3c Libraries\libmax32600.a(dac.o)
                0x00009c78                DAC_PatternStop
 .text.DAC_SetOutput
                0x00009cb4      0x1d8 Libraries\libmax32600.a(dac.o)
                0x00009cb4                DAC_SetOutput
 .text.DAC_SetOutputRaw
                0x00009e8c      0x1d0 Libraries\libmax32600.a(dac.o)
                0x00009e8c                DAC_SetOutputRaw
 .text.GPIO_SetOutMode
                0x0000a05c       0x70 Libraries\libmax32600.a(gpio.o)
                0x0000a05c                GPIO_SetOutMode
 .text.GPIO_SetOutVal
                0x0000a0cc       0x94 Libraries\libmax32600.a(gpio.o)
                0x0000a0cc                GPIO_SetOutVal
 .text.GPIO_SetInMode
                0x0000a160       0x70 Libraries\libmax32600.a(gpio.o)
                0x0000a160                GPIO_SetInMode
 .text.GPIO_GetInVal
                0x0000a1d0       0x50 Libraries\libmax32600.a(gpio.o)
                0x0000a1d0                GPIO_GetInVal
 .text.gpio_0_handler
                0x0000a220       0x10 Libraries\libmax32600.a(gpio.o)
 .text.gpio_1_handler
                0x0000a230       0x10 Libraries\libmax32600.a(gpio.o)
 .text.gpio_2_handler
                0x0000a240       0x10 Libraries\libmax32600.a(gpio.o)
 .text.gpio_3_handler
                0x0000a250       0x10 Libraries\libmax32600.a(gpio.o)
 .text.gpio_4_handler
                0x0000a260       0x10 Libraries\libmax32600.a(gpio.o)
 .text.gpio_5_handler
                0x0000a270       0x10 Libraries\libmax32600.a(gpio.o)
 .text.gpio_6_handler
                0x0000a280       0x10 Libraries\libmax32600.a(gpio.o)
 .text.gpio_7_handler
                0x0000a290       0x10 Libraries\libmax32600.a(gpio.o)
 .text.GPIO_IRQ_Handler
                0x0000a2a0       0x9c Libraries\libmax32600.a(gpio.o)
 .text.FreeIRQ  0x0000a33c       0x88 Libraries\libmax32600.a(gpio.o)
 .text.RegisterIRQ
                0x0000a3c4       0x5c Libraries\libmax32600.a(gpio.o)
 .text.GPIO_SetIntMode
                0x0000a420       0xd0 Libraries\libmax32600.a(gpio.o)
                0x0000a420                GPIO_SetIntMode
 .text.ICC_Enable
                0x0000a4f0       0xe0 Libraries\libmax32600.a(icc.o)
                0x0000a4f0                ICC_Enable
 .text.NVIC_EnableIRQ
                0x0000a5d0       0x40 Libraries\libmax32600.a(nvic_table.o)
 .text.NVIC_SetRAM
                0x0000a610       0x44 Libraries\libmax32600.a(nvic_table.o)
                0x0000a610                NVIC_SetRAM
 .text.NVIC_SetVector
                0x0000a654       0x58 Libraries\libmax32600.a(nvic_table.o)
                0x0000a654                NVIC_SetVector
 .text.NVIC_EnableIRQ
                0x0000a6ac       0x40 Libraries\libmax32600.a(pmu.o)
 .text.PMU_GetChannel
                0x0000a6ec       0x94 Libraries\libmax32600.a(pmu.o)
                0x0000a6ec                PMU_GetChannel
 .text.PMU_FreeChannel
                0x0000a780       0x44 Libraries\libmax32600.a(pmu.o)
                0x0000a780                PMU_FreeChannel
 .text.PMU_IRQHandler
                0x0000a7c4       0xac Libraries\libmax32600.a(pmu.o)
                0x0000a7c4                PMU_IRQHandler
 .text.PMU_Start
                0x0000a870       0xc0 Libraries\libmax32600.a(pmu.o)
                0x0000a870                PMU_Start
 .text.PMU_SetCounter
                0x0000a930       0x68 Libraries\libmax32600.a(pmu.o)
                0x0000a930                PMU_SetCounter
 .text.PWR_ClearAllGPIOWUD
                0x0000a998       0xe0 Libraries\libmax32600.a(power.o)
                0x0000a998                PWR_ClearAllGPIOWUD
 .text.PWR_ClearAllCompWUD
                0x0000aa78       0x5c Libraries\libmax32600.a(power.o)
                0x0000aa78                PWR_ClearAllCompWUD
 .text.PWR_EnableGPIO
                0x0000aad4       0x64 Libraries\libmax32600.a(power.o)
                0x0000aad4                PWR_EnableGPIO
 .text.PWR_ClearFlags
                0x0000ab38       0x5c Libraries\libmax32600.a(power.o)
                0x0000ab38                PWR_ClearFlags
 .text.wakeup   0x0000ab94       0x20 Libraries\libmax32600.a(power.o)
 .text.PWR_SetMode
                0x0000abb4       0xf8 Libraries\libmax32600.a(power.o)
                0x0000abb4                PWR_SetMode
 .text.PWR_Sleep
                0x0000acac       0x38 Libraries\libmax32600.a(power.o)
                0x0000acac                PWR_Sleep
 .text.PWR_Init
                0x0000ace4       0x3c Libraries\libmax32600.a(power.o)
                0x0000ace4                PWR_Init
 .text.PWR_Enable
                0x0000ad20       0x7c Libraries\libmax32600.a(power.o)
                0x0000ad20                PWR_Enable
 .text.PWR_Disable
                0x0000ad9c       0x7c Libraries\libmax32600.a(power.o)
                0x0000ad9c                PWR_Disable
 .text.PWR_EnableDevRun
                0x0000ae18       0x2c Libraries\libmax32600.a(power.o)
                0x0000ae18                PWR_EnableDevRun
 .text.PWR_DisableDevRun
                0x0000ae44       0x2c Libraries\libmax32600.a(power.o)
                0x0000ae44                PWR_DisableDevRun
 .text.RTC_GetVal
                0x0000ae70       0x18 Libraries\libmax32600.a(rtc.o)
                0x0000ae70                RTC_GetVal
 .text.RTC0_IRQHandler
                0x0000ae88       0x28 Libraries\libmax32600.a(rtc.o)
                0x0000ae88                RTC0_IRQHandler
 .text.RTC1_IRQHandler
                0x0000aeb0       0x28 Libraries\libmax32600.a(rtc.o)
                0x0000aeb0                RTC1_IRQHandler
 .text.RTC_ClearAlarm
                0x0000aed8       0x60 Libraries\libmax32600.a(rtc.o)
                0x0000aed8                RTC_ClearAlarm
 .text.RTC2_IRQHandler
                0x0000af38       0x30 Libraries\libmax32600.a(rtc.o)
                0x0000af38                RTC2_IRQHandler
 .text.RTC3_IRQHandler
                0x0000af68       0x3c Libraries\libmax32600.a(rtc.o)
                0x0000af68                RTC3_IRQHandler
 .text.NVIC_EnableIRQ
                0x0000afa4       0x40 Libraries\libmax32600.a(spi.o)
 .text.SPI_Config
                0x0000afe4       0x80 Libraries\libmax32600.a(spi.o)
                0x0000afe4                SPI_Config
 .text.SPI_ConfigClock
                0x0000b064       0x94 Libraries\libmax32600.a(spi.o)
                0x0000b064                SPI_ConfigClock
 .text.SPI_ConfigSlaveSelect
                0x0000b0f8       0x5c Libraries\libmax32600.a(spi.o)
                0x0000b0f8                SPI_ConfigSlaveSelect
 .text.SPI_ConfigSpecial
                0x0000b154       0xa8 Libraries\libmax32600.a(spi.o)
                0x0000b154                SPI_ConfigSpecial
 .text.SPI_WaitFlowControl
                0x0000b1fc       0xe4 Libraries\libmax32600.a(spi.o)
                0x0000b1fc                SPI_WaitFlowControl
 .text.SPI_Setup
                0x0000b2e0      0x2dc Libraries\libmax32600.a(spi.o)
                0x0000b2e0                SPI_Setup
 .text.cleanup  0x0000b5bc       0xb0 Libraries\libmax32600.a(spi.o)
 .text.page_to_bytes
                0x0000b66c       0x54 Libraries\libmax32600.a(spi.o)
 .text.receive  0x0000b6c0      0x190 Libraries\libmax32600.a(spi.o)
 .text.transmit
                0x0000b850      0x1f4 Libraries\libmax32600.a(spi.o)
 .text.prepare  0x0000ba44      0x4e4 Libraries\libmax32600.a(spi.o)
 .text.SPI_TransmitAsync
                0x0000bf28      0x20c Libraries\libmax32600.a(spi.o)
                0x0000bf28                SPI_TransmitAsync
 .text.SPI_IRQHandler
                0x0000c134      0x374 Libraries\libmax32600.a(spi.o)
 .text.SPI0_IRQHandler
                0x0000c4a8       0x10 Libraries\libmax32600.a(spi.o)
                0x0000c4a8                SPI0_IRQHandler
 .text.SPI1_IRQHandler
                0x0000c4b8       0x10 Libraries\libmax32600.a(spi.o)
                0x0000c4b8                SPI1_IRQHandler
 .text.SPI2_IRQHandler
                0x0000c4c8       0x10 Libraries\libmax32600.a(spi.o)
                0x0000c4c8                SPI2_IRQHandler
 .text.SysTick_IRQHandler
                0x0000c4d8       0x44 Libraries\libmax32600.a(systick.o)
                0x0000c4d8                SysTick_IRQHandler
 .text.SysTick_Wait
                0x0000c51c       0xf8 Libraries\libmax32600.a(systick.o)
                0x0000c51c                SysTick_Wait
 .text.TMON_SetCurrent
                0x0000c614       0x4c Libraries\libmax32600.a(tmon.o)
                0x0000c614                TMON_SetCurrent
 .text.TMON_Enable
                0x0000c660       0x54 Libraries\libmax32600.a(tmon.o)
                0x0000c660                TMON_Enable
 .text.TMON_Disable
                0x0000c6b4       0x40 Libraries\libmax32600.a(tmon.o)
                0x0000c6b4                TMON_Disable
 .text.TMR32_PeriodToTicks
                0x0000c6f4      0x300 Libraries\libmax32600.a(tmr.o)
                0x0000c6f4                TMR32_PeriodToTicks
 .text.tmr32_irq_handler
                0x0000c9f4       0xa8 Libraries\libmax32600.a(tmr.o)
 .text.TMR32_Start
                0x0000ca9c      0x34c Libraries\libmax32600.a(tmr.o)
                0x0000ca9c                TMR32_Start
 .text.TMR32_Config
                0x0000cde8       0xa0 Libraries\libmax32600.a(tmr.o)
                0x0000cde8                TMR32_Config
 .text.memcmp   0x0000ce88       0xb8 c:/101_refdes/014_refdes73/toolchain/toolchain/bin/../lib/gcc/arm-none-eabi/4.7.4/../../../../arm-none-eabi/lib/armv7-m\libc.a(lib_a-memcmp.o)
                0x0000ce88                memcmp
 .text.memcpy   0x0000cf40      0x15c c:/101_refdes/014_refdes73/toolchain/toolchain/bin/../lib/gcc/arm-none-eabi/4.7.4/../../../../arm-none-eabi/lib/armv7-m\libc.a(lib_a-memcpy.o)
                0x0000cf40                memcpy
 .text.memset   0x0000d09c      0x12c c:/101_refdes/014_refdes73/toolchain/toolchain/bin/../lib/gcc/arm-none-eabi/4.7.4/../../../../arm-none-eabi/lib/armv7-m\libc.a(lib_a-memset.o)
                0x0000d09c                memset
 .text.memmove  0x0000d1c8      0x1b0 c:/101_refdes/014_refdes73/toolchain/toolchain/bin/../lib/gcc/arm-none-eabi/4.7.4/../../../../arm-none-eabi/lib/armv7-m\libc.a(lib_a-memmove.o)
                0x0000d1c8                memmove
 .text.__fpclassifyd
                0x0000d378       0x68 c:/101_refdes/014_refdes73/toolchain/toolchain/bin/../lib/gcc/arm-none-eabi/4.7.4/../../../../arm-none-eabi/lib/armv7-m\libc.a(lib_a-s_fpclassify.o)
                0x0000d378                __fpclassifyd
 .text          0x0000d3e0      0x19c ./BLE_Wicentric\libstacklib.a(att_main.o)
                0x0000d3fc                attEmptyHandler
                0x0000d3fe                attEmptyConnCback
                0x0000d400                attEmptyDataCback
                0x0000d402                attCcbByHandle
                0x0000d41c                attCcbByConnId
                0x0000d4d4                attUuidCmp16to128
                0x0000d4fc                AttHandlerInit
                0x0000d534                AttHandler
                0x0000d558                AttRegister
                0x0000d564                AttConnRegister
                0x0000d570                AttGetMtu
 .text          0x0000d57c      0x450 ./BLE_Wicentric\libstacklib.a(attc_main.o)
                0x0000d5b4                attcSendReq
                0x0000d5c8                attcSetupReq
                0x0000d5f0                attcCcbByConnId
                0x0000d60c                attcCcbByHandle
                0x0000d65e                attcFreePkt
                0x0000d692                attcExecCallback
                0x0000d6e2                attcReqClear
                0x0000d980                AttcInit
 .text          0x0000d9cc      0x370 ./BLE_Wicentric\libstacklib.a(attc_proc.o)
                0x0000d9cc                attcProcErrRsp
                0x0000d9fe                attcProcMtuRsp
                0x0000da20                attcProcFindOrReadRsp
                0x0000dadc                attcProcReadRsp
                0x0000dade                attcProcWriteRsp
                0x0000dae4                attcProcRsp
                0x0000db98                attcProcInd
                0x0000dc14                attcSendMsg
                0x0000dc5c                AttcFindInfoReq
                0x0000dc8a                AttcReadReq
                0x0000dcb8                AttcWriteReq
                0x0000dcfe                AttcCancelReq
                0x0000dd0e                AttcMtuReq
 .text          0x0000dd3c      0x222 ./BLE_Wicentric\libstacklib.a(attc_read.o)
                0x0000dd3c                attcProcFindByTypeRsp
                0x0000ddb2                attcProcReadLongRsp
                0x0000ddd6                AttcFindByTypeValueReq
                0x0000de3c                AttcReadByTypeReq
                0x0000de8c                AttcReadLongReq
                0x0000debe                AttcReadMultipleReq
                0x0000df0e                AttcReadByGroupTypeReq
 .text          0x0000df5e       0xfa ./BLE_Wicentric\libstacklib.a(attc_write.o)
                0x0000df5e                attcProcPrepWriteRsp
                0x0000df70                AttcWriteCmd
                0x0000dfb6                AttcPrepareWriteReq
                0x0000e030                AttcExecuteWriteReq
 .text          0x0000e058      0x1f0 ./BLE_Wicentric\libstacklib.a(atts_ccc.o)
                0x0000e154                AttsCccRegister
                0x0000e170                AttsCccInitTable
                0x0000e1dc                AttsCccClearTable
                0x0000e1f8                AttsCccGet
                0x0000e208                AttsCccSet
                0x0000e21a                AttsCccEnabled
 .text          0x0000e248      0x240 ./BLE_Wicentric\libstacklib.a(atts_ind.o)
                0x0000e404                attsProcValueCnf
                0x0000e430                AttsIndInit
                0x0000e470                AttsHandleValueInd
                0x0000e47c                AttsHandleValueNtf
 .text          0x0000e488      0x294 ./BLE_Wicentric\libstacklib.a(atts_main.o)
                0x0000e4c4                attsErrRsp
                0x0000e578                attsClearPrepWrites
                0x0000e5c4                attsDiscBusy
                0x0000e604                AttsInit
                0x0000e630                AttsAuthorRegister
                0x0000e63c                AttsAddGroup
                0x0000e670                AttsRemoveGroup
                0x0000e6a4                AttsSetAttr
                0x0000e6ee                AttsGetAttr
                0x0000e70e                AttsErrorTest
 .text          0x0000e71c      0x330 ./BLE_Wicentric\libstacklib.a(atts_proc.o)
                0x0000e71c                attsUuidCmp
                0x0000e75a                attsUuid16Cmp
                0x0000e784                attsFindByHandle
                0x0000e7b0                attsFindInRange
                0x0000e7e8                attsPermissions
                0x0000e848                attsProcMtuReq
                0x0000e88a                attsProcFindInfoReq
                0x0000e998                attsProcReadReq
 .text          0x0000ea4c      0x7d0 ./BLE_Wicentric\libstacklib.a(atts_read.o)
                0x0000ea4c                attsFindUuidInRange
                0x0000eac8                attsFindServiceGroupEnd
                0x0000eb54                attsProcReadBlobReq
                0x0000ec2c                attsProcFindTypeReq
                0x0000ed56                attsProcReadTypeReq
                0x0000ef30                attsProcReadMultReq
                0x0000f044                attsProcReadGroupTypeReq
 .text          0x0000f21c      0x2f4 ./BLE_Wicentric\libstacklib.a(atts_write.o)
                0x0000f21c                attsProcWrite
                0x0000f304                attsProcPrepWriteReq
                0x0000f40c                attsProcExecWriteReq
 .text          0x0000f510      0x34c ./BLE_Wicentric\libstacklib.a(dm_adv.o)
                0x0000f510                dmAdvHciHandler
                0x0000f512                dmAdvMsgHandler
                0x0000f528                dmAdvReset
                0x0000f554                dmAdvActStop
                0x0000f59c                dmAdvActTimeout
                0x0000f5ec                dmAdvActStart
                0x0000f63c                dmAdvStartDirected
                0x0000f648                dmAdvStopDirected
                0x0000f65c                dmAdvConnected
                0x0000f668                dmAdvConnectFailed
                0x0000f674                DmAdvInit
                0x0000f684                DmAdvStart
                0x0000f6b0                DmAdvStop
                0x0000f6d4                DmAdvSetInterval
                0x0000f6f0                DmAdvSetChannelMap
                0x0000f708                DmAdvSetData
                0x0000f71a                DmAdvSetAddrType
                0x0000f734                DmAdvSetAdValue
                0x0000f7ce                DmAdvSetName
 .text          0x0000f85c      0x4bc ./BLE_Wicentric\libstacklib.a(dm_conn.o)
                0x0000f85c                dmConnSmActNone
                0x0000f85e                dmConnSmActHciUpdated
                0x0000f878                dmConnReset
                0x0000f8ac                dmConnSmActClose
                0x0000f8b4                dmConnCcbAlloc
                0x0000f900                dmConnCcbDealloc
                0x0000f906                dmConnCcbByHandle
                0x0000f928                dmConnCcbByBdAddr
                0x0000f950                dmConnHciHandler
                0x0000f9cc                dmConnCcbById
                0x0000f9e8                dmConnMsgHandler
                0x0000fa00                dmConnExecCback
                0x0000fa20                dmConnSmActConnClosed
                0x0000fa36                dmConnSmActConnFailed
                0x0000fa4c                dmConnSmActConnOpened
                0x0000faa0                dmConnOpenAccept
                0x0000fb2c                DmConnInit
                0x0000fb4c                DmConnRegister
                0x0000fb6c                DmConnClose
                0x0000fb9c                DmConnUpdate
                0x0000fbe0                DmConnSetScanInterval
                0x0000fc00                DmConnSetConnSpec
                0x0000fc20                DmConnIdByHandle
                0x0000fc44                DmConnInUse
                0x0000fc58                DmConnPeerAddrType
                0x0000fc6c                DmConnPeerAddr
                0x0000fc7c                DmConnLocalAddrType
                0x0000fc90                DmConnLocalAddr
                0x0000fca4                DmConnSecLevel
                0x0000fcb8                DmConnSetIdle
                0x0000fcf8                DmConnCheckIdle
 .text          0x0000fd18       0xcc ./BLE_Wicentric\libstacklib.a(dm_conn_slave.o)
                0x0000fd18                dmConnSmActL2cUpdateCnf
                0x0000fd54                dmConnSmActAcceptFailed
                0x0000fd6a                dmConnSmActConnAccepted
                0x0000fd80                dmConnSmActUpdateSlave
                0x0000fd92                dmConnSmActCancelAccept
                0x0000fda8                dmConnSmActAccept
                0x0000fdb0                DmL2cConnUpdateCnf
                0x0000fdcc                DmConnSlaveInit
                0x0000fddc                DmConnAccept
 .text          0x0000fde4       0x44 ./BLE_Wicentric\libstacklib.a(dm_conn_sm.o)
                0x0000fde4                dmConnSmExecute
 .text          0x0000fe28       0x64 ./BLE_Wicentric\libstacklib.a(dm_dev.o)
                0x0000fe28                dmDevHciHandler
                0x0000fe50                dmDevMsgHandler
                0x0000fe52                DmDevReset
                0x0000fe56                DmDevRole
                0x0000fe60                DmDevSetRandAddr
                0x0000fe7c                DmDevWhiteListAdd
                0x0000fe80                DmDevWhiteListRemove
                0x0000fe84                DmDevWhiteListClear
                0x0000fe88                DmDevVsInit
 .text          0x0000fe8c       0xa0 ./BLE_Wicentric\libstacklib.a(dm_main.o)
                0x0000feac                dmEmptyReset
                0x0000feae                dmEmptyHandler
                0x0000feb0                DmRegister
                0x0000febc                DmFindAdType
                0x0000feea                DmHandlerInit
                0x0000ff10                DmHandler
 .text          0x0000ff2c      0x1cc ./BLE_Wicentric\libstacklib.a(dm_scan.o)
                0x0000ff2c                dmScanMsgHandler
                0x0000ff44                dmScanReset
                0x0000ff64                dmScanActStop
                0x0000ff98                dmScanActTimeout
                0x0000ff9c                dmScanActStart
                0x00010010                dmScanActHciReport
                0x00010060                dmScanHciHandler
                0x0001006c                DmScanInit
                0x0001007c                DmScanStart
                0x000100b0                DmScanStop
                0x000100d4                DmScanSetInterval
                0x000100e0                DmScanSetAddrType
 .text          0x000100f8      0x254 ./BLE_Wicentric\libstacklib.a(dm_sec.o)
                0x000100f8                dmSecMsgHandler
                0x0001015e                dmSecApiLtkMsg
                0x000101a0                DmSmpCbackExec
                0x000101cc                dmSecHciHandler
                0x00010294                DmSecCancelReq
                0x000102b4                DmSecAuthRsp
                0x000102e4                DmSecInit
                0x00010304                DmSecSetLocalCsrk
                0x0001031c                DmSecSetLocalIrk
                0x00010334                DmSecGetLocalCsrk
                0x00010340                DmSecGetLocalIrk
 .text          0x0001034c       0x9c ./BLE_Wicentric\libstacklib.a(dm_sec_slave.o)
                0x0001034c                DmSecPairRsp
                0x00010386                DmSecSlaveReq
                0x000103a6                DmSecLtkRsp
 .text          0x000103e8      0x150 ./BLE_Wicentric\libstacklib.a(l2c_main.o)
                0x0001049c                L2cInit
                0x000104c8                L2cRegister
                0x000104dc                L2cDataReq
                0x00010506                l2cSendCmdReject
 .text          0x00010538      0x110 ./BLE_Wicentric\libstacklib.a(l2c_slave.o)
                0x00010598                L2cSlaveInit
                0x000105a8                L2cDmConnUpdateReq
                0x00010620                L2cSlaveHandlerInit
                0x00010634                L2cSlaveHandler
 .text          0x00010648      0x434 ./BLE_Wicentric\libstacklib.a(smp_main.o)
                0x00010648                smpCcbByHandle
                0x000106bc                smpCcbByConnId
                0x00010764                smpCalcC1Part1
                0x00010804                smpCalcC1Part2
                0x000108a4                smpCalcS1
                0x000108e0                smpGenerateLtk
                0x0001092c                smpSendPkt
                0x00010960                smpStateIdle
                0x000109b8                SmpDmMsgSend
                0x000109c8                SmpDmGetStk
                0x000109f0                SmpHandlerInit
                0x00010a38                SmpHandler
                0x00010a68                SmpDmEncryptInd
 .text          0x00010a7c       0x14 ./BLE_Wicentric\libstacklib.a(smpr_sm.o)
                0x00010a7c                SmprInit
 .text          0x00010a90       0x64 ./BLE_Wicentric\libstacklib.a(bda.o)
                0x00010a90                BdaCpy
                0x00010a9a                BdaCmp
                0x00010aac                BdaClr
                0x00010abc                Bda2Str
 .text          0x00010af4       0x34 ./BLE_Wicentric\libstacklib.a(calc128.o)
                0x00010af4                Calc128Cpy
                0x00010b06                Calc128Cpy64
                0x00010b10                Calc128Xor
 .text          0x00010b28      0x584 ./BLE_Wicentric\libstacklib.a(smp_act.o)
                0x00010b28                smpStartRspTimer
                0x00010b36                smpActNone
                0x00010b38                smpCleanup
                0x00010b6a                smpActCleanup
                0x00010b6e                smpSendPairingFailed
                0x00010b92                smpActPairingFailed
                0x00010bb6                smpActPairingCancel
                0x00010bce                smpActStorePin
                0x00010bf6                smpActPairCnfCalc1
                0x00010c18                smpActPairCnfCalc2
                0x00010c22                smpActSendPairCnf
                0x00010c6e                smpActPairCnfVerCalc1
                0x00010c92                smpActPairCnfVerCalc2
                0x00010c9c                smpSendKey
                0x00010ddc                smpProcRcvKey
                0x00010e8a                smpActMaxAttempts
                0x00010eb0                smpActAttemptRcvd
                0x00010eb8                smpActCheckAttempts
                0x00010eda                smpActPairingCmpl
                0x00010f0c                smpSmExecute
                0x00010f58                smpAuthReq
                0x00010fa6                smpProcPairing
 .text          0x000110ac      0x2f4 ./BLE_Wicentric\libstacklib.a(smpr_act.o)
                0x000110ac                smprActSendSecurityReq
                0x000110d8                smprActCheckSecurityReq
                0x000110e4                smprActClearSecurityReq
                0x000110ec                smprActProcPairReq
                0x00011160                smprActSendPairRsp
                0x000111e4                smprActProcPairCnf
                0x00011204                smprActProcPairCnfCalc1
                0x00011226                smprActCnfVerify
                0x00011284                smprActSendPairRandom
                0x000112e6                smprActSendKey
                0x0001132e                smprActSetupKeyDist
                0x00011378                smprActRcvKey
 .text.atan2    0x000113a0        0x4 c:/101_refdes/014_refdes73/toolchain/toolchain/bin/../lib/gcc/arm-none-eabi/4.7.4/../../../../arm-none-eabi/lib/armv7-m\libm.a(lib_a-w_atan2.o)
                0x000113a0                atan2
 .text.log      0x000113a4       0xe4 c:/101_refdes/014_refdes73/toolchain/toolchain/bin/../lib/gcc/arm-none-eabi/4.7.4/../../../../arm-none-eabi/lib/armv7-m\libm.a(lib_a-w_log.o)
                0x000113a4                log
 .text.pow      0x00011488      0x310 c:/101_refdes/014_refdes73/toolchain/toolchain/bin/../lib/gcc/arm-none-eabi/4.7.4/../../../../arm-none-eabi/lib/armv7-m\libm.a(lib_a-w_pow.o)
                0x00011488                pow
 .text.sqrt     0x00011798       0xa8 c:/101_refdes/014_refdes73/toolchain/toolchain/bin/../lib/gcc/arm-none-eabi/4.7.4/../../../../arm-none-eabi/lib/armv7-m\libm.a(lib_a-w_sqrt.o)
                0x00011798                sqrt
 .text.__ieee754_atan2
                0x00011840      0x218 c:/101_refdes/014_refdes73/toolchain/toolchain/bin/../lib/gcc/arm-none-eabi/4.7.4/../../../../arm-none-eabi/lib/armv7-m\libm.a(lib_a-e_atan2.o)
                0x00011840                __ieee754_atan2
 .text.__ieee754_log
                0x00011a58      0x400 c:/101_refdes/014_refdes73/toolchain/toolchain/bin/../lib/gcc/arm-none-eabi/4.7.4/../../../../arm-none-eabi/lib/armv7-m\libm.a(lib_a-e_log.o)
                0x00011a58                __ieee754_log
 .text.__ieee754_pow
                0x00011e58      0xb00 c:/101_refdes/014_refdes73/toolchain/toolchain/bin/../lib/gcc/arm-none-eabi/4.7.4/../../../../arm-none-eabi/lib/armv7-m\libm.a(lib_a-e_pow.o)
                0x00011e58                __ieee754_pow
 .text.__ieee754_sqrt
                0x00012958      0x208 c:/101_refdes/014_refdes73/toolchain/toolchain/bin/../lib/gcc/arm-none-eabi/4.7.4/../../../../arm-none-eabi/lib/armv7-m\libm.a(lib_a-e_sqrt.o)
                0x00012958                __ieee754_sqrt
 .text.atan     0x00012b60      0x368 c:/101_refdes/014_refdes73/toolchain/toolchain/bin/../lib/gcc/arm-none-eabi/4.7.4/../../../../arm-none-eabi/lib/armv7-m\libm.a(lib_a-s_atan.o)
                0x00012b60                atan
 .text.fabs     0x00012ec8        0x8 c:/101_refdes/014_refdes73/toolchain/toolchain/bin/../lib/gcc/arm-none-eabi/4.7.4/../../../../arm-none-eabi/lib/armv7-m\libm.a(lib_a-s_fabs.o)
                0x00012ec8                fabs
 .text.finite   0x00012ed0        0xc c:/101_refdes/014_refdes73/toolchain/toolchain/bin/../lib/gcc/arm-none-eabi/4.7.4/../../../../arm-none-eabi/lib/armv7-m\libm.a(lib_a-s_finite.o)
                0x00012ed0                finite
 .text.matherr  0x00012edc        0x4 c:/101_refdes/014_refdes73/toolchain/toolchain/bin/../lib/gcc/arm-none-eabi/4.7.4/../../../../arm-none-eabi/lib/armv7-m\libm.a(lib_a-s_matherr.o)
                0x00012edc                matherr
 .text.nan      0x00012ee0        0xc c:/101_refdes/014_refdes73/toolchain/toolchain/bin/../lib/gcc/arm-none-eabi/4.7.4/../../../../arm-none-eabi/lib/armv7-m\libm.a(lib_a-s_nan.o)
                0x00012ee0                nan
 .text.rint     0x00012eec      0x128 c:/101_refdes/014_refdes73/toolchain/toolchain/bin/../lib/gcc/arm-none-eabi/4.7.4/../../../../arm-none-eabi/lib/armv7-m\libm.a(lib_a-s_rint.o)
                0x00012eec                rint
 *fill*         0x00013014        0x4 00
 .text.scalbn   0x00013018      0x108 c:/101_refdes/014_refdes73/toolchain/toolchain/bin/../lib/gcc/arm-none-eabi/4.7.4/../../../../arm-none-eabi/lib/armv7-m\libm.a(lib_a-s_scalbn.o)
                0x00013018                scalbn
 .text.copysign
                0x00013120       0x18 c:/101_refdes/014_refdes73/toolchain/toolchain/bin/../lib/gcc/arm-none-eabi/4.7.4/../../../../arm-none-eabi/lib/armv7-m\libm.a(lib_a-s_copysign.o)
                0x00013120                copysign
 .text.__errno  0x00013138        0xc c:/101_refdes/014_refdes73/toolchain/toolchain/bin/../lib/gcc/arm-none-eabi/4.7.4/../../../../arm-none-eabi/lib/armv7-m\libc.a(lib_a-errno.o)
                0x00013138                __errno
 .text          0x00013144      0x370 c:/101_refdes/014_refdes73/toolchain/toolchain/bin/../lib/gcc/arm-none-eabi/4.7.4/armv7-m\libgcc.a(_arm_addsubdf3.o)
                0x00013144                __aeabi_drsub
                0x0001314c                __aeabi_dsub
                0x0001314c                __subdf3
                0x00013150                __aeabi_dadd
                0x00013150                __adddf3
                0x000133c8                __floatunsidf
                0x000133c8                __aeabi_ui2d
                0x000133e8                __floatsidf
                0x000133e8                __aeabi_i2d
                0x0001340c                __aeabi_f2d
                0x0001340c                __extendsfdf2
                0x00013448                __floatundidf
                0x00013448                __aeabi_ul2d
                0x00013458                __floatdidf
                0x00013458                __aeabi_l2d
 .text          0x000134b4      0x424 c:/101_refdes/014_refdes73/toolchain/toolchain/bin/../lib/gcc/arm-none-eabi/4.7.4/armv7-m\libgcc.a(_arm_muldivdf3.o)
                0x000134b4                __aeabi_dmul
                0x000134b4                __muldf3
                0x00013708                __divdf3
                0x00013708                __aeabi_ddiv
 .text          0x000138d8      0x110 c:/101_refdes/014_refdes73/toolchain/toolchain/bin/../lib/gcc/arm-none-eabi/4.7.4/armv7-m\libgcc.a(_arm_cmpdf2.o)
                0x000138d8                __gtdf2
                0x000138d8                __gedf2
                0x000138e0                __ltdf2
                0x000138e0                __ledf2
                0x000138e8                __nedf2
                0x000138e8                __eqdf2
                0x000138e8                __cmpdf2
                0x00013964                __aeabi_cdrcmple
                0x00013974                __aeabi_cdcmpeq
                0x00013974                __aeabi_cdcmple
                0x00013984                __aeabi_dcmpeq
                0x00013998                __aeabi_dcmplt
                0x000139ac                __aeabi_dcmple
                0x000139c0                __aeabi_dcmpge
                0x000139d4                __aeabi_dcmpgt
 .text          0x000139e8       0x50 c:/101_refdes/014_refdes73/toolchain/toolchain/bin/../lib/gcc/arm-none-eabi/4.7.4/armv7-m\libgcc.a(_arm_fixdfsi.o)
                0x000139e8                __aeabi_d2iz
                0x000139e8                __fixdfsi
 .text          0x00013a38       0x40 c:/101_refdes/014_refdes73/toolchain/toolchain/bin/../lib/gcc/arm-none-eabi/4.7.4/armv7-m\libgcc.a(_arm_fixunsdfsi.o)
                0x00013a38                __aeabi_d2uiz
                0x00013a38                __fixunsdfsi
 .text          0x00013a78       0x2c c:/101_refdes/014_refdes73/toolchain/toolchain/bin/../lib/gcc/arm-none-eabi/4.7.4/armv7-m\libgcc.a(_aeabi_uldivmod.o)
                0x00013a78                __aeabi_uldivmod
 .text          0x00013aa4       0x60 c:/101_refdes/014_refdes73/toolchain/toolchain/bin/../lib/gcc/arm-none-eabi/4.7.4/armv7-m\libgcc.a(bpabi.o)
                0x00013aa4                __gnu_ldivmod_helper
                0x00013ad4                __gnu_uldivmod_helper
 .text          0x00013b04        0x4 c:/101_refdes/014_refdes73/toolchain/toolchain/bin/../lib/gcc/arm-none-eabi/4.7.4/armv7-m\libgcc.a(_dvmd_tls.o)
                0x00013b04                __aeabi_idiv0
                0x00013b04                __aeabi_ldiv0
 .text          0x00013b08      0x2bc c:/101_refdes/014_refdes73/toolchain/toolchain/bin/../lib/gcc/arm-none-eabi/4.7.4/armv7-m\libgcc.a(_divdi3.o)
                0x00013b08                __divdi3
 .text          0x00013dc4      0x28c c:/101_refdes/014_refdes73/toolchain/toolchain/bin/../lib/gcc/arm-none-eabi/4.7.4/armv7-m\libgcc.a(_udivdi3.o)
                0x00013dc4                __udivdi3
 *(.rodata*)
 .rodata.hciLeEventMask
                0x00014050        0x8 ./Build/hci_core.o
                0x00014050                hciLeEventMask
 .rodata.hciEvtParseFcnTbl
                0x00014058       0x58 ./Build/hci_evt.o
 .rodata.hciEvtCbackLen
                0x000140b0       0x18 ./Build/hci_evt.o
 .rodata.battValSvc
                0x000140c8        0x4 ./Build/svc_batt.o
 .rodata.battLenSvc
                0x000140cc        0x2 ./Build/svc_batt.o
 *fill*         0x000140ce        0x2 00
 .rodata.battValLvlCh
                0x000140d0        0x8 ./Build/svc_batt.o
 .rodata.battLenLvlCh
                0x000140d8        0x2 ./Build/svc_batt.o
 .rodata.battLenLvl
                0x000140da        0x2 ./Build/svc_batt.o
 .rodata.battLenLvlChCcc
                0x000140dc        0x2 ./Build/svc_batt.o
 *fill*         0x000140de        0x2 00
 .rodata.battList
                0x000140e0       0x40 ./Build/svc_batt.o
 .rodata.gapValSvc
                0x00014120        0x4 ./Build/svc_core.o
 .rodata.gapLenSvc
                0x00014124        0x2 ./Build/svc_core.o
 *fill*         0x00014126        0x2 00
 .rodata.gapValDnCh
                0x00014128        0x8 ./Build/svc_core.o
 .rodata.gapLenDnCh
                0x00014130        0x2 ./Build/svc_core.o
 *fill*         0x00014132        0x2 00
 .rodata.gapValApCh
                0x00014134        0x8 ./Build/svc_core.o
 .rodata.gapLenApCh
                0x0001413c        0x2 ./Build/svc_core.o
 .rodata.gapLenAp
                0x0001413e        0x2 ./Build/svc_core.o
 .rodata.gapList
                0x00014140       0x50 ./Build/svc_core.o
 .rodata.gattValSvc
                0x00014190        0x4 ./Build/svc_core.o
 .rodata.gattLenSvc
                0x00014194        0x2 ./Build/svc_core.o
 *fill*         0x00014196        0x2 00
 .rodata.gattValScCh
                0x00014198        0x8 ./Build/svc_core.o
 .rodata.gattLenScCh
                0x000141a0        0x2 ./Build/svc_core.o
 *fill*         0x000141a2        0x2 00
 .rodata.gattValSc
                0x000141a4        0x4 ./Build/svc_core.o
 .rodata.gattLenSc
                0x000141a8        0x2 ./Build/svc_core.o
 .rodata.gattLenScChCcc
                0x000141aa        0x2 ./Build/svc_core.o
 .rodata.gattList
                0x000141ac       0x40 ./Build/svc_core.o
 .rodata.disValSvc
                0x000141ec        0x4 ./Build/svc_dis.o
 .rodata.disLenSvc
                0x000141f0        0x2 ./Build/svc_dis.o
 *fill*         0x000141f2        0x2 00
 .rodata.disValMfrCh
                0x000141f4        0x8 ./Build/svc_dis.o
 .rodata.disLenMfrCh
                0x000141fc        0x2 ./Build/svc_dis.o
 *fill*         0x000141fe        0x2 00
 .rodata.disUuMfr
                0x00014200        0x4 ./Build/svc_dis.o
 .rodata.disValMfr
                0x00014204       0x10 ./Build/svc_dis.o
 .rodata.disLenMfr
                0x00014214        0x2 ./Build/svc_dis.o
 *fill*         0x00014216        0x2 00
 .rodata.disValSidCh
                0x00014218        0x8 ./Build/svc_dis.o
 .rodata.disLenSidCh
                0x00014220        0x2 ./Build/svc_dis.o
 *fill*         0x00014222        0x2 00
 .rodata.disUuSid
                0x00014224        0x4 ./Build/svc_dis.o
 .rodata.disLenSid
                0x00014228        0x2 ./Build/svc_dis.o
 *fill*         0x0001422a        0x2 00
 .rodata.disValMnCh
                0x0001422c        0x8 ./Build/svc_dis.o
 .rodata.disLenMnCh
                0x00014234        0x2 ./Build/svc_dis.o
 *fill*         0x00014236        0x2 00
 .rodata.disUuMn
                0x00014238        0x4 ./Build/svc_dis.o
 .rodata.disValMn
                0x0001423c       0x14 ./Build/svc_dis.o
 .rodata.disLenMn
                0x00014250        0x2 ./Build/svc_dis.o
 *fill*         0x00014252        0x2 00
 .rodata.disValSnCh
                0x00014254        0x8 ./Build/svc_dis.o
 .rodata.disLenSnCh
                0x0001425c        0x2 ./Build/svc_dis.o
 *fill*         0x0001425e        0x2 00
 .rodata.disUuSn
                0x00014260        0x4 ./Build/svc_dis.o
 .rodata.disValSn
                0x00014264       0x18 ./Build/svc_dis.o
 .rodata.disLenSn
                0x0001427c        0x2 ./Build/svc_dis.o
 *fill*         0x0001427e        0x2 00
 .rodata.disValFwrCh
                0x00014280        0x8 ./Build/svc_dis.o
 .rodata.disLenFwrCh
                0x00014288        0x2 ./Build/svc_dis.o
 *fill*         0x0001428a        0x2 00
 .rodata.disUuFwr
                0x0001428c        0x4 ./Build/svc_dis.o
 .rodata.disValFwr
                0x00014290       0x14 ./Build/svc_dis.o
 .rodata.disLenFwr
                0x000142a4        0x2 ./Build/svc_dis.o
 *fill*         0x000142a6        0x2 00
 .rodata.disValHwrCh
                0x000142a8        0x8 ./Build/svc_dis.o
 .rodata.disLenHwrCh
                0x000142b0        0x2 ./Build/svc_dis.o
 *fill*         0x000142b2        0x2 00
 .rodata.disUuHwr
                0x000142b4        0x4 ./Build/svc_dis.o
 .rodata.disValHwr
                0x000142b8       0x14 ./Build/svc_dis.o
 .rodata.disLenHwr
                0x000142cc        0x2 ./Build/svc_dis.o
 *fill*         0x000142ce        0x2 00
 .rodata.disValSwrCh
                0x000142d0        0x8 ./Build/svc_dis.o
 .rodata.disLenSwrCh
                0x000142d8        0x2 ./Build/svc_dis.o
 *fill*         0x000142da        0x2 00
 .rodata.disUuSwr
                0x000142dc        0x4 ./Build/svc_dis.o
 .rodata.disValSwr
                0x000142e0       0x14 ./Build/svc_dis.o
 .rodata.disLenSwr
                0x000142f4        0x2 ./Build/svc_dis.o
 *fill*         0x000142f6        0x2 00
 .rodata.disValRcdCh
                0x000142f8        0x8 ./Build/svc_dis.o
 .rodata.disLenRcdCh
                0x00014300        0x2 ./Build/svc_dis.o
 *fill*         0x00014302        0x2 00
 .rodata.disUuRcd
                0x00014304        0x4 ./Build/svc_dis.o
 .rodata.disValRcd
                0x00014308        0x8 ./Build/svc_dis.o
 .rodata.disLenRcd
                0x00014310        0x2 ./Build/svc_dis.o
 *fill*         0x00014312        0x2 00
 .rodata.disList
                0x00014314      0x110 ./Build/svc_dis.o
 .rodata.svcHrmUuid
                0x00014424        0x4 ./Build/svc_hrs.o
 .rodata.svcSlUuid
                0x00014428        0x4 ./Build/svc_hrs.o
 .rodata.svcCpUuid
                0x0001442c        0x4 ./Build/svc_hrs.o
 .rodata.hrsValSvc
                0x00014430        0x4 ./Build/svc_hrs.o
 .rodata.hrsLenSvc
                0x00014434        0x2 ./Build/svc_hrs.o
 *fill*         0x00014436        0x2 00
 .rodata.hrsValHrmCh
                0x00014438        0x8 ./Build/svc_hrs.o
 .rodata.hrsLenHrmCh
                0x00014440        0x2 ./Build/svc_hrs.o
 *fill*         0x00014442        0x2 00
 .rodata.hrsValHrm
                0x00014444        0x4 ./Build/svc_hrs.o
 .rodata.hrsLenHrm
                0x00014448        0x2 ./Build/svc_hrs.o
 .rodata.hrsLenHrmChCcc
                0x0001444a        0x2 ./Build/svc_hrs.o
 .rodata.hrsValSlCh
                0x0001444c        0x8 ./Build/svc_hrs.o
 .rodata.hrsLenSlCh
                0x00014454        0x2 ./Build/svc_hrs.o
 .rodata.hrsLenSl
                0x00014456        0x2 ./Build/svc_hrs.o
 .rodata.hrsValCpCh
                0x00014458        0x8 ./Build/svc_hrs.o
 .rodata.hrsLenCpCh
                0x00014460        0x2 ./Build/svc_hrs.o
 *fill*         0x00014462        0x2 00
 .rodata.hrsValCp
                0x00014464        0x4 ./Build/svc_hrs.o
 .rodata.hrsLenCp
                0x00014468        0x2 ./Build/svc_hrs.o
 *fill*         0x0001446a        0x2 00
 .rodata.hrsList
                0x0001446c       0x80 ./Build/svc_hrs.o
 .rodata.attCfg
                0x000144ec        0x8 ./Build/cfg_stack.o
                0x000144ec                attCfg
 .rodata.smpCfg
                0x000144f4        0x8 ./Build/cfg_stack.o
                0x000144f4                smpCfg
 .rodata.fitSlaveCfg
                0x000144fc        0xc ./Build/fit_main.o
 .rodata.fitSecCfg
                0x00014508        0x8 ./Build/fit_main.o
 .rodata.fitUpdateCfg
                0x00014510        0xc ./Build/fit_main.o
 .rodata.fitHrpsCfg
                0x0001451c        0x4 ./Build/fit_main.o
 .rodata.fitBasCfg
                0x00014520        0x8 ./Build/fit_main.o
 .rodata.fitAdvDataDisc
                0x00014528       0x10 ./Build/fit_main.o
 .rodata.fitScanDataDisc
                0x00014538       0x10 ./Build/fit_main.o
 .rodata.fitCccSet
                0x00014548       0x14 ./Build/fit_main.o
 .rodata.str1.4
                0x0001455c        0x2 c:/101_refdes/014_refdes73/toolchain/toolchain/bin/../lib/gcc/arm-none-eabi/4.7.4/../../../../arm-none-eabi/lib/armv7-m\libc.a(lib_a-impure.o)
                                  0x4 (size before relaxing)
 *fill*         0x0001455e        0x2 00
 .rodata        0x00014560       0x10 ./BLE_Wicentric\libstacklib.a(att_main.o)
                0x00014560                attFcnDefault
 .rodata        0x00014570       0xea ./BLE_Wicentric\libstacklib.a(att_uuid.o)
                0x00014570                attWsmChUuid
                0x00014572                attWssSvcUuid
                0x00014574                attRacpChUuid
                0x00014576                attGlfChUuid
                0x00014578                attPnpChUuid
                0x0001457a                attSiwChUuid
                0x0001457c                attPmChUuid
                0x0001457e                attRepChUuid
                0x00014580                attHidcpChUuid
                0x00014582                attRmChUuid
                0x00014584                attHidiChUuid
                0x00014586                attBpfChUuid
                0x00014588                attSuacChUuid
                0x0001458a                attSnacChUuid
                0x0001458c                attNaChUuid
                0x0001458e                attUasChUuid
                0x00014590                attAncpChUuid
                0x00014592                attAcChUuid
                0x00014594                attAcbmChUuid
                0x00014596                attRsChUuid
                0x00014598                attRcpChUuid
                0x0001459a                attAsChUuid
                0x0001459c                attNwaChUuid
                0x0001459e                attStrChUuid
                0x000145a0                attStcChUuid
                0x000145a2                attSrChUuid
                0x000145a4                attRemChUuid
                0x000145a6                attHrcpChUuid
                0x000145a8                attBslChUuid
                0x000145aa                attHrmChUuid
                0x000145ac                attIcpChUuid
                0x000145ae                attBpmChUuid
                0x000145b0                attGlmcChUuid
                0x000145b2                attHidvChUuid
                0x000145b4                attPidChUuid
                0x000145b6                attVidChUuid
                0x000145b8                attP3dChUuid
                0x000145ba                attP2dChUuid
                0x000145bc                attLongChUuid
                0x000145be                attLatChUuid
                0x000145c0                attElChUuid
                0x000145c2                attCtChUuid
                0x000145c4                attIeeeChUuid
                0x000145c6                attMfnsChUuid
                0x000145c8                attSrsChUuid
                0x000145ca                attHrsChUuid
                0x000145cc                attFrsChUuid
                0x000145ce                attSnsChUuid
                0x000145d0                attMnsChUuid
                0x000145d2                attSidChUuid
                0x000145d4                attHbrpChUuid
                0x000145d6                attMiChUuid
                0x000145d8                attTfahChUuid
                0x000145da                attTcelChUuid
                0x000145dc                attItChUuid
                0x000145de                attTtChUuid
                0x000145e0                attTmChUuid
                0x000145e2                attBlsChUuid
                0x000145e4                attBpsChUuid
                0x000145e6                attBlChUuid
                0x000145e8                attGlmChUuid
                0x000145ea                attTusChUuid
                0x000145ec                attTucpChUuid
                0x000145ee                attTbChUuid
                0x000145f0                attRtiChUuid
                0x000145f2                attTsChUuid
                0x000145f4                attTaChUuid
                0x000145f6                attTdstChUuid
                0x000145f8                attStzChUuid
                0x000145fa                attLtiChUuid
                0x000145fc                attTzChUuid
                0x000145fe                attDstoChUuid
                0x00014600                attEt256ChUuid
                0x00014602                attEt100ChUuid
                0x00014604                attDdtChUuid
                0x00014606                attDwChUuid
                0x00014608                attDtChUuid
                0x0001460a                attTxpChUuid
                0x0001460c                attAlChUuid
                0x0001460e                attScChUuid
                0x00014610                attPpcpChUuid
                0x00014612                attRaChUuid
                0x00014614                attPpfChUuid
                0x00014616                attApChUuid
                0x00014618                attDnChUuid
                0x0001461a                attHidRimUuid
                0x0001461c                attValRangeUuid
                0x0001461e                attAggFmtUuid
                0x00014620                attChPresFmtUuid
                0x00014622                attSrvChCfgUuid
                0x00014624                attCliChCfgUuid
                0x00014626                attChUserDescUuid
                0x00014628                attChExtUuid
                0x0001462a                attChUuid
                0x0001462c                attIncUuid
                0x0001462e                attSecSvcUuid
                0x00014630                attPrimSvcUuid
                0x00014632                attSpsSvcUuid
                0x00014634                attHidSvcUuid
                0x00014636                attAnsSvcUuid
                0x00014638                attBpsSvcUuid
                0x0001463a                attBasSvcUuid
                0x0001463c                attPassSvcUuid
                0x0001463e                attHrsSvcUuid
                0x00014640                attWdsSvcUuid
                0x00014642                attNwaSvcUuid
                0x00014644                attDisSvcUuid
                0x00014646                attHtsSvcUuid
                0x00014648                attGlsSvcUuid
                0x0001464a                attNdcsSvcUuid
                0x0001464c                attRtusSvcUuid
                0x0001464e                attCtsSvcUuid
                0x00014650                attTpsSvcUuid
                0x00014652                attLlsSvcUuid
                0x00014654                attIasSvcUuid
                0x00014656                attGattSvcUuid
                0x00014658                attGapSvcUuid
 *fill*         0x0001465a        0x2 00
 .rodata        0x0001465c       0x44 ./BLE_Wicentric\libstacklib.a(attc_main.o)
 .rodata        0x000146a0       0x34 ./BLE_Wicentric\libstacklib.a(attc_proc.o)
 .rodata        0x000146d4       0x10 ./BLE_Wicentric\libstacklib.a(atts_ind.o)
 .rodata        0x000146e4       0x24 ./BLE_Wicentric\libstacklib.a(atts_main.o)
 .rodata        0x00014708        0x2 ./BLE_Wicentric\libstacklib.a(atts_read.o)
 *fill*         0x0001470a        0x2 00
 .rodata        0x0001470c       0x18 ./BLE_Wicentric\libstacklib.a(dm_adv.o)
 .rodata        0x00014724       0x30 ./BLE_Wicentric\libstacklib.a(dm_conn.o)
 .rodata        0x00014754       0x18 ./BLE_Wicentric\libstacklib.a(dm_conn_slave.o)
 .rodata        0x0001476c       0x82 ./BLE_Wicentric\libstacklib.a(dm_conn_sm.o)
 *fill*         0x000147ee        0x2 00
 .rodata        0x000147f0        0xc ./BLE_Wicentric\libstacklib.a(dm_dev.o)
                0x000147f0                dmDevFcnIf
 .rodata        0x000147fc       0x20 ./BLE_Wicentric\libstacklib.a(dm_main.o)
 .rodata        0x0001481c       0x18 ./BLE_Wicentric\libstacklib.a(dm_scan.o)
 .rodata        0x00014834        0xc ./BLE_Wicentric\libstacklib.a(dm_sec.o)
 .rodata        0x00014840        0xc ./BLE_Wicentric\libstacklib.a(smp_main.o)
                0x00014840                smpPktLenTbl
 .rodata        0x0001484c      0x144 ./BLE_Wicentric\libstacklib.a(smpr_sm.o)
                0x0001484c                smprSmIf
                0x00014858                smprStateTbl
 .rodata        0x00014990       0x11 ./BLE_Wicentric\libstacklib.a(bda.o)
 .rodata        0x000149a1       0x10 ./BLE_Wicentric\libstacklib.a(calc128.o)
                0x000149a1                calc128Zeros
 *fill*         0x000149b1        0x3 00
 .rodata.str1.4
                0x000149b4        0x4 c:/101_refdes/014_refdes73/toolchain/toolchain/bin/../lib/gcc/arm-none-eabi/4.7.4/../../../../arm-none-eabi/lib/armv7-m\libm.a(lib_a-w_log.o)
                                  0x8 (size before relaxing)
 .rodata.str1.4
                0x000149b8        0x4 c:/101_refdes/014_refdes73/toolchain/toolchain/bin/../lib/gcc/arm-none-eabi/4.7.4/../../../../arm-none-eabi/lib/armv7-m\libm.a(lib_a-w_pow.o)
 .rodata.str1.4
                0x000149bc        0x8 c:/101_refdes/014_refdes73/toolchain/toolchain/bin/../lib/gcc/arm-none-eabi/4.7.4/../../../../arm-none-eabi/lib/armv7-m\libm.a(lib_a-w_sqrt.o)
 *fill*         0x000149c4        0x4 00
 .rodata.dp_h   0x000149c8       0x10 c:/101_refdes/014_refdes73/toolchain/toolchain/bin/../lib/gcc/arm-none-eabi/4.7.4/../../../../arm-none-eabi/lib/armv7-m\libm.a(lib_a-e_pow.o)
 .rodata.dp_l   0x000149d8       0x10 c:/101_refdes/014_refdes73/toolchain/toolchain/bin/../lib/gcc/arm-none-eabi/4.7.4/../../../../arm-none-eabi/lib/armv7-m\libm.a(lib_a-e_pow.o)
 .rodata.bp     0x000149e8       0x10 c:/101_refdes/014_refdes73/toolchain/toolchain/bin/../lib/gcc/arm-none-eabi/4.7.4/../../../../arm-none-eabi/lib/armv7-m\libm.a(lib_a-e_pow.o)
 .rodata.str1.4
                0x00000000        0x4 c:/101_refdes/014_refdes73/toolchain/toolchain/bin/../lib/gcc/arm-none-eabi/4.7.4/../../../../arm-none-eabi/lib/armv7-m\libm.a(lib_a-e_pow.o)
 .rodata.atanlo
                0x000149f8       0x20 c:/101_refdes/014_refdes73/toolchain/toolchain/bin/../lib/gcc/arm-none-eabi/4.7.4/../../../../arm-none-eabi/lib/armv7-m\libm.a(lib_a-s_atan.o)
 .rodata.atanhi
                0x00014a18       0x20 c:/101_refdes/014_refdes73/toolchain/toolchain/bin/../lib/gcc/arm-none-eabi/4.7.4/../../../../arm-none-eabi/lib/armv7-m\libm.a(lib_a-s_atan.o)
 .rodata.TWO52  0x00014a38       0x10 c:/101_refdes/014_refdes73/toolchain/toolchain/bin/../lib/gcc/arm-none-eabi/4.7.4/../../../../arm-none-eabi/lib/armv7-m\libm.a(lib_a-s_rint.o)

.glue_7         0x00014a48        0x0
 .glue_7        0x00000000        0x0 linker stubs

.glue_7t        0x00014a48        0x0
 .glue_7t       0x00000000        0x0 linker stubs

.vfp11_veneer   0x00014a48        0x0
 .vfp11_veneer  0x00000000        0x0 linker stubs

.v4_bx          0x00014a48        0x0
 .v4_bx         0x00000000        0x0 linker stubs

.iplt           0x00014a48        0x0
 .iplt          0x00000000        0x0 Libraries\libmax32600.a(startup_max32600.o)

.ARM.exidx      0x00014a48        0x8
                0x00014a48                __exidx_start = .
 *(.ARM.exidx*)
 .ARM.exidx     0x00014a48        0x8 c:/101_refdes/014_refdes73/toolchain/toolchain/bin/../lib/gcc/arm-none-eabi/4.7.4/armv7-m\libgcc.a(_divdi3.o)
 .ARM.exidx     0x00014a50        0x0 c:/101_refdes/014_refdes73/toolchain/toolchain/bin/../lib/gcc/arm-none-eabi/4.7.4/armv7-m\libgcc.a(_udivdi3.o)
                                  0x8 (size before relaxing)
                0x00014a50                __exidx_end = .
                0x00014a50                _etext = ALIGN (., 0x4)

.rel.dyn        0x00014a50        0x0
 .rel.iplt      0x00000000        0x0 Libraries\libmax32600.a(startup_max32600.o)

.data           0x20000000      0x621 load address 0x00014a50
                0x20000000                _data = .
 *(.data*)
 .data.SystemCoreClock
                0x20000000        0x4 Libraries\libmax32600.a(system_max32600.o)
                0x20000000                SystemCoreClock
 .data.pAppDbNewRec
                0x20000004        0x4 ./Build/app_db.o
 .data.appHwHeartRate
                0x20000008        0x1 ./Build/app_hw.o
 *fill*         0x20000009        0x3 00
 .data.svcBattGroup
                0x2000000c       0x14 ./Build/svc_batt.o
 .data.gapValDn
                0x20000020       0x14 ./Build/svc_core.o
 .data.gapLenDn
                0x20000034        0x2 ./Build/svc_core.o
 *fill*         0x20000036        0x2 00
 .data.svcGapGroup
                0x20000038       0x14 ./Build/svc_core.o
 .data.svcGattGroup
                0x2000004c       0x14 ./Build/svc_core.o
 .data.disValSid
                0x20000060        0x8 ./Build/svc_dis.o
 .data.svcDisGroup
                0x20000068       0x14 ./Build/svc_dis.o
 .data.hrsValSl
                0x2000007c        0x4 ./Build/svc_hrs.o
 .data.svcHrsGroup
                0x20000080       0x14 ./Build/svc_hrs.o
 .data.pAttCfg  0x20000094        0x4 ./Build/cfg_stack.o
                0x20000094                pAttCfg
 .data.pSmpCfg  0x20000098        0x4 ./Build/cfg_stack.o
                0x20000098                pSmpCfg
 .data.BATLEVEL
                0x2000009c        0x1 ./Build/MAXREFDES73.o
                0x2000009c                BATLEVEL
 .data.preBATLEVEL
                0x2000009d        0x1 ./Build/MAXREFDES73.o
                0x2000009d                preBATLEVEL
 .data.firstMeasurement
                0x2000009e        0x1 ./Build/MAXREFDES73.o
                0x2000009e                firstMeasurement
 .data.BLEadvertising
                0x2000009f        0x1 ./Build/MAXREFDES73.o
                0x2000009f                BLEadvertising
 .data.mainPoolDesc
                0x200000a0       0x10 ./Build/MAXREFDES73.o